Archive member included to satisfy reference by file (symbol)

c:/program files (x86)/atollic/truestudio for stm32 9.2.0/armtools/bin/../lib/gcc/arm-atollic-eabi/6.3.1/../../../../arm-atollic-eabi/lib/armv7-m\libc.a(lib_a-init.o)
                              startup\startup_stm32f103xb.o (__libc_init_array)
c:/program files (x86)/atollic/truestudio for stm32 9.2.0/armtools/bin/../lib/gcc/arm-atollic-eabi/6.3.1/../../../../arm-atollic-eabi/lib/armv7-m\libc.a(lib_a-memset.o)
                              Src\main.o (memset)

Allocating common symbols
Common symbol       size              file

hspi2               0x58              Src\spi.o
huart3              0x40              Src\usart.o
hcan                0x28              Src\can.o
uwTick              0x4               Drivers\STM32F1xx_HAL_Driver\Src\stm32f1xx_hal.o
hdma_usart3_tx      0x44              Src\usart.o
pFlash              0x20              Drivers\STM32F1xx_HAL_Driver\Src\stm32f1xx_hal_flash.o
hspi1               0x58              Src\spi.o
htim2               0x40              Src\tim.o
hdma_spi1_tx        0x44              Src\spi.o

Discarded input sections

 .text          0x00000000        0x0 c:/program files (x86)/atollic/truestudio for stm32 9.2.0/armtools/bin/../lib/gcc/arm-atollic-eabi/6.3.1/armv7-m/crti.o
 .data          0x00000000        0x0 c:/program files (x86)/atollic/truestudio for stm32 9.2.0/armtools/bin/../lib/gcc/arm-atollic-eabi/6.3.1/armv7-m/crti.o
 .bss           0x00000000        0x0 c:/program files (x86)/atollic/truestudio for stm32 9.2.0/armtools/bin/../lib/gcc/arm-atollic-eabi/6.3.1/armv7-m/crti.o
 .data          0x00000000        0x4 c:/program files (x86)/atollic/truestudio for stm32 9.2.0/armtools/bin/../lib/gcc/arm-atollic-eabi/6.3.1/armv7-m/crtbegin.o
 .text          0x00000000        0x0 Drivers\STM32F1xx_HAL_Driver\Src\stm32f1xx_hal.o
 .data          0x00000000        0x0 Drivers\STM32F1xx_HAL_Driver\Src\stm32f1xx_hal.o
 .bss           0x00000000        0x0 Drivers\STM32F1xx_HAL_Driver\Src\stm32f1xx_hal.o
 .text.HAL_DeInit
                0x00000000       0x30 Drivers\STM32F1xx_HAL_Driver\Src\stm32f1xx_hal.o
 .text.HAL_MspInit
                0x00000000        0xc Drivers\STM32F1xx_HAL_Driver\Src\stm32f1xx_hal.o
 .text.HAL_MspDeInit
                0x00000000        0xc Drivers\STM32F1xx_HAL_Driver\Src\stm32f1xx_hal.o
 .text.HAL_GetTickPrio
                0x00000000       0x14 Drivers\STM32F1xx_HAL_Driver\Src\stm32f1xx_hal.o
 .text.HAL_SetTickFreq
                0x00000000       0x40 Drivers\STM32F1xx_HAL_Driver\Src\stm32f1xx_hal.o
 .text.HAL_GetTickFreq
                0x00000000       0x14 Drivers\STM32F1xx_HAL_Driver\Src\stm32f1xx_hal.o
 .text.HAL_SuspendTick
                0x00000000       0x1c Drivers\STM32F1xx_HAL_Driver\Src\stm32f1xx_hal.o
 .text.HAL_ResumeTick
                0x00000000       0x1c Drivers\STM32F1xx_HAL_Driver\Src\stm32f1xx_hal.o
 .text.HAL_GetHalVersion
                0x00000000       0x14 Drivers\STM32F1xx_HAL_Driver\Src\stm32f1xx_hal.o
 .text.HAL_GetREVID
                0x00000000       0x18 Drivers\STM32F1xx_HAL_Driver\Src\stm32f1xx_hal.o
 .text.HAL_GetDEVID
                0x00000000       0x18 Drivers\STM32F1xx_HAL_Driver\Src\stm32f1xx_hal.o
 .text.HAL_DBGMCU_EnableDBGSleepMode
                0x00000000       0x1c Drivers\STM32F1xx_HAL_Driver\Src\stm32f1xx_hal.o
 .text.HAL_DBGMCU_DisableDBGSleepMode
                0x00000000       0x1c Drivers\STM32F1xx_HAL_Driver\Src\stm32f1xx_hal.o
 .text.HAL_DBGMCU_EnableDBGStopMode
                0x00000000       0x1c Drivers\STM32F1xx_HAL_Driver\Src\stm32f1xx_hal.o
 .text.HAL_DBGMCU_DisableDBGStopMode
                0x00000000       0x1c Drivers\STM32F1xx_HAL_Driver\Src\stm32f1xx_hal.o
 .text.HAL_DBGMCU_EnableDBGStandbyMode
                0x00000000       0x1c Drivers\STM32F1xx_HAL_Driver\Src\stm32f1xx_hal.o
 .text.HAL_DBGMCU_DisableDBGStandbyMode
                0x00000000       0x1c Drivers\STM32F1xx_HAL_Driver\Src\stm32f1xx_hal.o
 .text.HAL_GetUID
                0x00000000       0x3c Drivers\STM32F1xx_HAL_Driver\Src\stm32f1xx_hal.o
 .text          0x00000000        0x0 Drivers\STM32F1xx_HAL_Driver\Src\stm32f1xx_hal_can.o
 .data          0x00000000        0x0 Drivers\STM32F1xx_HAL_Driver\Src\stm32f1xx_hal_can.o
 .bss           0x00000000        0x0 Drivers\STM32F1xx_HAL_Driver\Src\stm32f1xx_hal_can.o
 .text.HAL_CAN_DeInit
                0x00000000       0x46 Drivers\STM32F1xx_HAL_Driver\Src\stm32f1xx_hal_can.o
 .text.HAL_CAN_MspInit
                0x00000000       0x12 Drivers\STM32F1xx_HAL_Driver\Src\stm32f1xx_hal_can.o
 .text.HAL_CAN_MspDeInit
                0x00000000       0x12 Drivers\STM32F1xx_HAL_Driver\Src\stm32f1xx_hal_can.o
 .text.HAL_CAN_ConfigFilter
                0x00000000      0x192 Drivers\STM32F1xx_HAL_Driver\Src\stm32f1xx_hal_can.o
 .text.HAL_CAN_Start
                0x00000000       0x88 Drivers\STM32F1xx_HAL_Driver\Src\stm32f1xx_hal_can.o
 .text.HAL_CAN_Stop
[...]
Memory Configuration

Name             Origin             Length             Attributes
RAM              0x20000000         0x00005000         xrw
FLASH            0x08000000         0x00020000         xr
*default*        0x00000000         0xffffffff

Linker script and memory map

LOAD c:/program files (x86)/atollic/truestudio for stm32 9.2.0/armtools/bin/../lib/gcc/arm-atollic-eabi/6.3.1/armv7-m/crti.o
LOAD c:/program files (x86)/atollic/truestudio for stm32 9.2.0/armtools/bin/../lib/gcc/arm-atollic-eabi/6.3.1/armv7-m/crtbegin.o
LOAD Drivers\STM32F1xx_HAL_Driver\Src\stm32f1xx_hal.o
LOAD Drivers\STM32F1xx_HAL_Driver\Src\stm32f1xx_hal_can.o
LOAD Drivers\STM32F1xx_HAL_Driver\Src\stm32f1xx_hal_cortex.o
LOAD Drivers\STM32F1xx_HAL_Driver\Src\stm32f1xx_hal_dma.o
LOAD Drivers\STM32F1xx_HAL_Driver\Src\stm32f1xx_hal_flash.o
LOAD Drivers\STM32F1xx_HAL_Driver\Src\stm32f1xx_hal_flash_ex.o
LOAD Drivers\STM32F1xx_HAL_Driver\Src\stm32f1xx_hal_gpio.o
LOAD Drivers\STM32F1xx_HAL_Driver\Src\stm32f1xx_hal_gpio_ex.o
LOAD Drivers\STM32F1xx_HAL_Driver\Src\stm32f1xx_hal_pwr.o
LOAD Drivers\STM32F1xx_HAL_Driver\Src\stm32f1xx_hal_rcc.o
LOAD Drivers\STM32F1xx_HAL_Driver\Src\stm32f1xx_hal_rcc_ex.o
LOAD Drivers\STM32F1xx_HAL_Driver\Src\stm32f1xx_hal_spi.o
LOAD Drivers\STM32F1xx_HAL_Driver\Src\stm32f1xx_hal_spi_ex.o
LOAD Drivers\STM32F1xx_HAL_Driver\Src\stm32f1xx_hal_tim.o
LOAD Drivers\STM32F1xx_HAL_Driver\Src\stm32f1xx_hal_tim_ex.o
LOAD Drivers\STM32F1xx_HAL_Driver\Src\stm32f1xx_hal_uart.o
LOAD Src\SDCard.o
LOAD Src\can.o
LOAD Src\dma.o
LOAD Src\gpio.o
LOAD Src\lcd.o
LOAD Src\main.o
LOAD Src\spi.o
LOAD Src\stm32f1xx_hal_msp.o
LOAD Src\stm32f1xx_it.o
LOAD Src\system_stm32f1xx.o
LOAD Src\tim.o
LOAD Src\tlc.o
LOAD Src\usart.o
LOAD startup\startup_stm32f103xb.o
                0x00001000                malloc_getpagesize_P = 0x1000
START GROUP
LOAD c:/program files (x86)/atollic/truestudio for stm32 9.2.0/armtools/bin/../lib/gcc/arm-atollic-eabi/6.3.1/../../../../arm-atollic-eabi/lib/armv7-m\libstdc++.a
LOAD c:/program files (x86)/atollic/truestudio for stm32 9.2.0/armtools/bin/../lib/gcc/arm-atollic-eabi/6.3.1/../../../../arm-atollic-eabi/lib/armv7-m\libsupc++.a
END GROUP
LOAD c:/program files (x86)/atollic/truestudio for stm32 9.2.0/armtools/bin/../lib/gcc/arm-atollic-eabi/6.3.1/../../../../arm-atollic-eabi/lib/armv7-m\libstdc++.a
LOAD c:/program files (x86)/atollic/truestudio for stm32 9.2.0/armtools/bin/../lib/gcc/arm-atollic-eabi/6.3.1/../../../../arm-atollic-eabi/lib/armv7-m\libm.a
LOAD c:/program files (x86)/atollic/truestudio for stm32 9.2.0/armtools/bin/../lib/gcc/arm-atollic-eabi/6.3.1/../../../../arm-atollic-eabi/lib/armv7-m\libc.a
START GROUP
LOAD c:/program files (x86)/atollic/truestudio for stm32 9.2.0/armtools/bin/../lib/gcc/arm-atollic-eabi/6.3.1/armv7-m\libgcc.a
LOAD c:/program files (x86)/atollic/truestudio for stm32 9.2.0/armtools/bin/../lib/gcc/arm-atollic-eabi/6.3.1/../../../../arm-atollic-eabi/lib/armv7-m\libc.a
END GROUP
START GROUP
LOAD c:/program files (x86)/atollic/truestudio for stm32 9.2.0/armtools/bin/../lib/gcc/arm-atollic-eabi/6.3.1/armv7-m\libgcc.a
LOAD c:/program files (x86)/atollic/truestudio for stm32 9.2.0/armtools/bin/../lib/gcc/arm-atollic-eabi/6.3.1/../../../../arm-atollic-eabi/lib/armv7-m\libc.a
LOAD c:/program files (x86)/atollic/truestudio for stm32 9.2.0/armtools/bin/../lib/gcc/arm-atollic-eabi/6.3.1/../../../../arm-atollic-eabi/lib/armv7-m\libnosys.a
END GROUP
LOAD c:/program files (x86)/atollic/truestudio for stm32 9.2.0/armtools/bin/../lib/gcc/arm-atollic-eabi/6.3.1/armv7-m/crtend.o
LOAD c:/program files (x86)/atollic/truestudio for stm32 9.2.0/armtools/bin/../lib/gcc/arm-atollic-eabi/6.3.1/armv7-m/crtn.o
                0x20005000                _estack = 0x20005000
                0x00000200                _Min_Heap_Size = 0x200
                0x00000400                _Min_Stack_Size = 0x400

.isr_vector     0x08000000      0x10c
                0x08000000                . = ALIGN (0x4)
 *(.isr_vector)
 .isr_vector    0x08000000      0x10c startup\startup_stm32f103xb.o
                0x08000000                g_pfnVectors
                0x0800010c                . = ALIGN (0x4)

.text           0x0800010c     0x4acc
                0x0800010c                . = ALIGN (0x4)
 *(.text)
 .text          0x0800010c       0x40 c:/program files (x86)/atollic/truestudio for stm32 9.2.0/armtools/bin/../lib/gcc/arm-atollic-eabi/6.3.1/armv7-m/crtbegin.o
 .text          0x0800014c      0x848 Src\SDCard.o
                0x0800014c                SDCard::SDCard(__SPI_HandleTypeDef*, unsigned short, GPIO_TypeDef*)
                0x0800014c                SDCard::SDCard(__SPI_HandleTypeDef*, unsigned short, GPIO_TypeDef*)
                0x08000188                SDCard::getSize()
                0x08000280                SDCard::readRegister(unsigned char, void*)
                0x08000308                SDCard::readBlock(unsigned long, unsigned char*)
                0x08000394                SDCard::writeBlock(unsigned long, unsigned char*)
                0x08000486                SDCard::waitUntilReady()
                0x080004bc                SDCard::initalize()
                0x08000634                SDCard::cardCommand(unsigned char, unsigned long)
                0x080006e0                SDCard::selectCard()
                0x08000700                SDCard::SPI_Recieve(unsigned char*, unsigned short)
                0x0800089c                SDCard::deselectCard()
                0x080008bc                SDCard::lSPI_WaitFlagStateUntilTimeout(__SPI_HandleTypeDef*, unsigned long, unsigned long, unsigned long, unsigned long)
 .text          0x08000994      0x54c Src\main.o
                0x08000994                init_pins()
                0x08000a1c                _write(int, char*, int)
                0x08000a5c                TLC5940_clock_out_dc()
                0x08000b40                led_update_pwm()
                0x08000c70                TLC5940_Init()
                0x08000cbc                main
                0x08000df0                SystemClock_Config()
                0x08000e86                Error_Handler
 *(.text*)
 .text.HAL_Init
                0x08000ee0       0x2c Drivers\STM32F1xx_HAL_Driver\Src\stm32f1xx_hal.o
                0x08000ee0                HAL_Init
 .text.HAL_InitTick
                0x08000f0c       0x60 Drivers\STM32F1xx_HAL_Driver\Src\stm32f1xx_hal.o
                0x08000f0c                HAL_InitTick
 .text.HAL_IncTick
                0x08000f6c       0x24 Drivers\STM32F1xx_HAL_Driver\Src\stm32f1xx_hal.o
                0x08000f6c                HAL_IncTick
 .text.HAL_GetTick
                0x08000f90       0x14 Drivers\STM32F1xx_HAL_Driver\Src\stm32f1xx_hal.o
                0x08000f90                HAL_GetTick
 .text.HAL_Delay
                0x08000fa4       0x44 Drivers\STM32F1xx_HAL_Driver\Src\stm32f1xx_hal.o
                0x08000fa4                HAL_Delay
 .text.HAL_CAN_Init
                0x08000fe8      0x1f4 Drivers\STM32F1xx_HAL_Driver\Src\stm32f1xx_hal_can.o
                0x08000fe8                HAL_CAN_Init
 .text.NVIC_SetPriorityGrouping
                0x080011dc       0x48 Drivers\STM32F1xx_HAL_Driver\Src\stm32f1xx_hal_cortex.o
 .text.NVIC_GetPriorityGrouping
                0x08001224       0x1c Drivers\STM32F1xx_HAL_Driver\Src\stm32f1xx_hal_cortex.o
 .text.NVIC_EnableIRQ
                0x08001240       0x30 Drivers\STM32F1xx_HAL_Driver\Src\stm32f1xx_hal_cortex.o
 .text.NVIC_SetPriority
                0x08001270       0x54 Drivers\STM32F1xx_HAL_Driver\Src\stm32f1xx_hal_cortex.o
 .text.NVIC_EncodePriority
                0x080012c4       0x60 Drivers\STM32F1xx_HAL_Driver\Src\stm32f1xx_hal_cortex.o
 .text.SysTick_Config
                0x08001324       0x44 Drivers\STM32F1xx_HAL_Driver\Src\stm32f1xx_hal_cortex.o
 .text.HAL_NVIC_SetPriorityGrouping
                0x08001368       0x16 Drivers\STM32F1xx_HAL_Driver\Src\stm32f1xx_hal_cortex.o
                0x08001368                HAL_NVIC_SetPriorityGrouping
 .text.HAL_NVIC_SetPriority
                0x0800137e       0x38 Drivers\STM32F1xx_HAL_Driver\Src\stm32f1xx_hal_cortex.o
                0x0800137e                HAL_NVIC_SetPriority
 .text.HAL_NVIC_EnableIRQ
                0x080013b6       0x1c Drivers\STM32F1xx_HAL_Driver\Src\stm32f1xx_hal_cortex.o
                0x080013b6                HAL_NVIC_EnableIRQ
 .text.HAL_SYSTICK_Config
                0x080013d2       0x18 Drivers\STM32F1xx_HAL_Driver\Src\stm32f1xx_hal_cortex.o
                0x080013d2                HAL_SYSTICK_Config
 *fill*         0x080013ea        0x2 
 .text.HAL_DMA_Init
                0x080013ec       0xb4 Drivers\STM32F1xx_HAL_Driver\Src\stm32f1xx_hal_dma.o
                0x080013ec                HAL_DMA_Init
 .text.HAL_DMA_Start_IT
                0x080014a0       0xbe Drivers\STM32F1xx_HAL_Driver\Src\stm32f1xx_hal_dma.o
                0x080014a0                HAL_DMA_Start_IT
 *fill*         0x0800155e        0x2 
 .text.HAL_DMA_Abort_IT
                0x08001560       0xf8 Drivers\STM32F1xx_HAL_Driver\Src\stm32f1xx_hal_dma.o
                0x08001560                HAL_DMA_Abort_IT
 .text.HAL_DMA_IRQHandler
                0x08001658      0x224 Drivers\STM32F1xx_HAL_Driver\Src\stm32f1xx_hal_dma.o
                0x08001658                HAL_DMA_IRQHandler
 .text.DMA_SetConfig
                0x0800187c       0x5a Drivers\STM32F1xx_HAL_Driver\Src\stm32f1xx_hal_dma.o
 *fill*         0x080018d6        0x2 
 .text.HAL_GPIO_Init
                0x080018d8      0x2bc Drivers\STM32F1xx_HAL_Driver\Src\stm32f1xx_hal_gpio.o
                0x080018d8                HAL_GPIO_Init
 .text.HAL_GPIO_ReadPin
                0x08001b94       0x2e Drivers\STM32F1xx_HAL_Driver\Src\stm32f1xx_hal_gpio.o
                0x08001b94                HAL_GPIO_ReadPin
 .text.HAL_GPIO_WritePin
                0x08001bc2       0x30 Drivers\STM32F1xx_HAL_Driver\Src\stm32f1xx_hal_gpio.o
                0x08001bc2                HAL_GPIO_WritePin
 *fill*         0x08001bf2        0x2 
 .text.HAL_PWR_PVD_IRQHandler
                0x08001bf4       0x24 Drivers\STM32F1xx_HAL_Driver\Src\stm32f1xx_hal_pwr.o
                0x08001bf4                HAL_PWR_PVD_IRQHandler
 .text.HAL_PWR_PVDCallback
                0x08001c18        0xc Drivers\STM32F1xx_HAL_Driver\Src\stm32f1xx_hal_pwr.o
                0x08001c18                HAL_PWR_PVDCallback
 .text.HAL_RCC_OscConfig
                0x08001c24      0x4c8 Drivers\STM32F1xx_HAL_Driver\Src\stm32f1xx_hal_rcc.o
                0x08001c24                HAL_RCC_OscConfig
 .text.HAL_RCC_ClockConfig
                0x080020ec      0x218 Drivers\STM32F1xx_HAL_Driver\Src\stm32f1xx_hal_rcc.o
                0x080020ec                HAL_RCC_ClockConfig
 .text.HAL_RCC_GetSysClockFreq
                0x08002304       0xc4 Drivers\STM32F1xx_HAL_Driver\Src\stm32f1xx_hal_rcc.o
                0x08002304                HAL_RCC_GetSysClockFreq
 .text.HAL_RCC_GetHCLKFreq
                0x080023c8       0x14 Drivers\STM32F1xx_HAL_Driver\Src\stm32f1xx_hal_rcc.o
                0x080023c8                HAL_RCC_GetHCLKFreq
 .text.HAL_RCC_GetPCLK1Freq
                0x080023dc       0x28 Drivers\STM32F1xx_HAL_Driver\Src\stm32f1xx_hal_rcc.o
                0x080023dc                HAL_RCC_GetPCLK1Freq
 .text.HAL_RCC_GetPCLK2Freq
                0x08002404       0x28 Drivers\STM32F1xx_HAL_Driver\Src\stm32f1xx_hal_rcc.o
                0x08002404                HAL_RCC_GetPCLK2Freq
 .text.RCC_Delay
                0x0800242c       0x3c Drivers\STM32F1xx_HAL_Driver\Src\stm32f1xx_hal_rcc.o
 .text.HAL_SPI_Transmit
                0x08002468      0x276 Drivers\STM32F1xx_HAL_Driver\Src\stm32f1xx_hal_spi.o
                0x08002468                HAL_SPI_Transmit
 .text.HAL_SPI_Receive
                0x080026de      0x21c Drivers\STM32F1xx_HAL_Driver\Src\stm32f1xx_hal_spi.o
                0x080026de                HAL_SPI_Receive
 .text.HAL_SPI_TransmitReceive
                0x080028fa      0x33e Drivers\STM32F1xx_HAL_Driver\Src\stm32f1xx_hal_spi.o
                0x080028fa                HAL_SPI_TransmitReceive
 .text.HAL_SPI_IRQHandler
                0x08002c38      0x18c Drivers\STM32F1xx_HAL_Driver\Src\stm32f1xx_hal_spi.o
                0x08002c38                HAL_SPI_IRQHandler
 .text.HAL_SPI_ErrorCallback
                0x08002dc4       0x12 Drivers\STM32F1xx_HAL_Driver\Src\stm32f1xx_hal_spi.o
                0x08002dc4                HAL_SPI_ErrorCallback
 .text.SPI_DMAAbortOnError
                0x08002dd6       0x28 Drivers\STM32F1xx_HAL_Driver\Src\stm32f1xx_hal_spi.o
 .text.SPI_WaitFlagStateUntilTimeout
                0x08002dfe       0xd2 Drivers\STM32F1xx_HAL_Driver\Src\stm32f1xx_hal_spi.o
 .text.SPI_CheckFlag_BSY
                0x08002ed0       0x3c Drivers\STM32F1xx_HAL_Driver\Src\stm32f1xx_hal_spi.o
 .text.HAL_SPI_Init
                0x08002f0c       0xc8 Drivers\STM32F1xx_HAL_Driver\Src\stm32f1xx_hal_spi_ex.o
                0x08002f0c                HAL_SPI_Init
 .text.HAL_TIM_IRQHandler
                0x08002fd4      0x210 Drivers\STM32F1xx_HAL_Driver\Src\stm32f1xx_hal_tim.o
                0x08002fd4                HAL_TIM_IRQHandler
 .text.HAL_TIM_PeriodElapsedCallback
                0x080031e4       0x12 Drivers\STM32F1xx_HAL_Driver\Src\stm32f1xx_hal_tim.o
                0x080031e4                HAL_TIM_PeriodElapsedCallback
 .text.HAL_TIM_OC_DelayElapsedCallback
                0x080031f6       0x12 Drivers\STM32F1xx_HAL_Driver\Src\stm32f1xx_hal_tim.o
                0x080031f6                HAL_TIM_OC_DelayElapsedCallback
 .text.HAL_TIM_IC_CaptureCallback
                0x08003208       0x12 Drivers\STM32F1xx_HAL_Driver\Src\stm32f1xx_hal_tim.o
                0x08003208                HAL_TIM_IC_CaptureCallback
 .text.HAL_TIM_PWM_PulseFinishedCallback
                0x0800321a       0x12 Drivers\STM32F1xx_HAL_Driver\Src\stm32f1xx_hal_tim.o
                0x0800321a                HAL_TIM_PWM_PulseFinishedCallback
 .text.HAL_TIM_TriggerCallback
                0x0800322c       0x12 Drivers\STM32F1xx_HAL_Driver\Src\stm32f1xx_hal_tim.o
                0x0800322c                HAL_TIM_TriggerCallback
 .text.HAL_TIMEx_CommutationCallback
                0x0800323e       0x12 Drivers\STM32F1xx_HAL_Driver\Src\stm32f1xx_hal_tim_ex.o
                0x0800323e                HAL_TIMEx_CommutationCallback
 .text.HAL_TIMEx_BreakCallback
                0x08003250       0x12 Drivers\STM32F1xx_HAL_Driver\Src\stm32f1xx_hal_tim_ex.o
                0x08003250                HAL_TIMEx_BreakCallback
 .text.HAL_UART_Init
                0x08003262       0x9a Drivers\STM32F1xx_HAL_Driver\Src\stm32f1xx_hal_uart.o
                0x08003262                HAL_UART_Init
 .text.HAL_UART_Transmit_DMA
                0x080032fc       0xd8 Drivers\STM32F1xx_HAL_Driver\Src\stm32f1xx_hal_uart.o
                0x080032fc                HAL_UART_Transmit_DMA
 .text.HAL_UART_IRQHandler
                0x080033d4      0x1f8 Drivers\STM32F1xx_HAL_Driver\Src\stm32f1xx_hal_uart.o
                0x080033d4                HAL_UART_IRQHandler
 .text.HAL_UART_TxCpltCallback
                0x080035cc       0x12 Drivers\STM32F1xx_HAL_Driver\Src\stm32f1xx_hal_uart.o
                0x080035cc                HAL_UART_TxCpltCallback
 .text.HAL_UART_TxHalfCpltCallback
                0x080035de       0x12 Drivers\STM32F1xx_HAL_Driver\Src\stm32f1xx_hal_uart.o
                0x080035de                HAL_UART_TxHalfCpltCallback
 .text.HAL_UART_RxCpltCallback
                0x080035f0       0x12 Drivers\STM32F1xx_HAL_Driver\Src\stm32f1xx_hal_uart.o
                0x080035f0                HAL_UART_RxCpltCallback
 .text.HAL_UART_ErrorCallback
                0x08003602       0x12 Drivers\STM32F1xx_HAL_Driver\Src\stm32f1xx_hal_uart.o
                0x08003602                HAL_UART_ErrorCallback
 .text.UART_DMATransmitCplt
                0x08003614       0x52 Drivers\STM32F1xx_HAL_Driver\Src\stm32f1xx_hal_uart.o
 .text.UART_DMATxHalfCplt
                0x08003666       0x1c Drivers\STM32F1xx_HAL_Driver\Src\stm32f1xx_hal_uart.o
 .text.UART_DMAError
                0x08003682       0x94 Drivers\STM32F1xx_HAL_Driver\Src\stm32f1xx_hal_uart.o
 .text.UART_EndTxTransfer
                0x08003716       0x2a Drivers\STM32F1xx_HAL_Driver\Src\stm32f1xx_hal_uart.o
 .text.UART_EndRxTransfer
                0x08003740       0x3a Drivers\STM32F1xx_HAL_Driver\Src\stm32f1xx_hal_uart.o
 .text.UART_DMAAbortOnError
                0x0800377a       0x28 Drivers\STM32F1xx_HAL_Driver\Src\stm32f1xx_hal_uart.o
 .text.UART_Transmit_IT
                0x080037a2       0xa8 Drivers\STM32F1xx_HAL_Driver\Src\stm32f1xx_hal_uart.o
 .text.UART_EndTransmit_IT
                0x0800384a       0x30 Drivers\STM32F1xx_HAL_Driver\Src\stm32f1xx_hal_uart.o
 .text.UART_Receive_IT
                0x0800387a      0x102 Drivers\STM32F1xx_HAL_Driver\Src\stm32f1xx_hal_uart.o
 .text.UART_SetConfig
                0x0800397c      0x230 Drivers\STM32F1xx_HAL_Driver\Src\stm32f1xx_hal_uart.o
 .text._ZN6SDCard8cardAcmdEhm
                0x08003bac       0x2e Src\SDCard.o
                0x08003bac                SDCard::cardAcmd(unsigned char, unsigned long)
 .text._ZN6SDCard7readCSDEP5csd_t
                0x08003bda       0x1e Src\SDCard.o
                0x08003bda                SDCard::readCSD(csd_t*)
 .text.MX_CAN_Init
                0x08003bf8       0x6c Src\can.o
                0x08003bf8                MX_CAN_Init
 .text.HAL_CAN_MspInit
                0x08003c64       0x98 Src\can.o
                0x08003c64                HAL_CAN_MspInit
 .text.MX_DMA_Init
                0x08003cfc       0x4c Src\dma.o
                0x08003cfc                MX_DMA_Init
 .text.MX_GPIO_Init
                0x08003d48      0x134 Src\gpio.o
                0x08003d48                MX_GPIO_Init
 .text.lcd_pins_input
                0x08003e7c       0x58 Src\lcd.o
                0x08003e7c                lcd_pins_input
 .text.lcd_pins_output
                0x08003ed4       0x64 Src\lcd.o
                0x08003ed4                lcd_pins_output
 .text.cs_set   0x08003f38       0x18 Src\lcd.o
                0x08003f38                cs_set
 .text.cs_clr   0x08003f50       0x18 Src\lcd.o
                0x08003f50                cs_clr
 .text.rst_set  0x08003f68       0x18 Src\lcd.o
                0x08003f68                rst_set
 .text.rst_clr  0x08003f80       0x18 Src\lcd.o
                0x08003f80                rst_clr
 .text.wr_set   0x08003f98       0x18 Src\lcd.o
                0x08003f98                wr_set
 .text.wr_clr   0x08003fb0       0x18 Src\lcd.o
                0x08003fb0                wr_clr
 .text.rs_set   0x08003fc8       0x18 Src\lcd.o
                0x08003fc8                rs_set
 .text.rs_clr   0x08003fe0       0x18 Src\lcd.o
                0x08003fe0                rs_clr
 .text.rd_set   0x08003ff8       0x18 Src\lcd.o
                0x08003ff8                rd_set
 .text.rd_clr   0x08004010       0x18 Src\lcd.o
                0x08004010                rd_clr
 .text.lcd_write_bus_fast
                0x08004028       0x28 Src\lcd.o
                0x08004028                lcd_write_bus_fast
 .text.lcd_write_data_fast
                0x08004050       0x2c Src\lcd.o
                0x08004050                lcd_write_data_fast
 .text.lcd_write_data16_fast
                0x0800407c       0x2a Src\lcd.o
                0x0800407c                lcd_write_data16_fast
 *fill*         0x080040a6        0x2 
 .text.lcd_read_bus
                0x080040a8       0xd4 Src\lcd.o
                0x080040a8                lcd_read_bus
 .text.lcd_write_command
                0x0800417c       0x2a Src\lcd.o
                0x0800417c                lcd_write_command
 .text.lcd_read_data
                0x080041a6       0x16 Src\lcd.o
                0x080041a6                lcd_read_data
 .text.lcd_write_data
                0x080041bc       0x22 Src\lcd.o
                0x080041bc                lcd_write_data
 .text.lcd_cmd  0x080041de       0x90 Src\lcd.o
                0x080041de                lcd_cmd
 .text.address_set
                0x0800426e       0x8e Src\lcd.o
                0x0800426e                address_set
 .text.lcd_init
                0x080042fc      0x1d8 Src\lcd.o
                0x080042fc                lcd_init
 .text.lcd_clr_fast
                0x080044d4       0x4c Src\lcd.o
                0x080044d4                lcd_clr_fast
 .text.lcd_write_buff_fast_mono
                0x08004520       0xc2 Src\lcd.o
                0x08004520                lcd_write_buff_fast_mono
 *fill*         0x080045e2        0x2 
 .text.MX_SPI1_Init
                0x080045e4       0x6c Src\spi.o
                0x080045e4                MX_SPI1_Init
 .text.MX_SPI2_Init
                0x08004650       0x6c Src\spi.o
                0x08004650                MX_SPI2_Init
 .text.HAL_SPI_MspInit
                0x080046bc      0x170 Src\spi.o
                0x080046bc                HAL_SPI_MspInit
 .text.HAL_MspInit
                0x0800482c       0x74 Src\stm32f1xx_hal_msp.o
                0x0800482c                HAL_MspInit
 .text.NMI_Handler
                0x080048a0        0xc Src\stm32f1xx_it.o
                0x080048a0                NMI_Handler
 .text.HardFault_Handler
                0x080048ac        0x6 Src\stm32f1xx_it.o
                0x080048ac                HardFault_Handler
 .text.MemManage_Handler
                0x080048b2        0x6 Src\stm32f1xx_it.o
                0x080048b2                MemManage_Handler
 .text.BusFault_Handler
                0x080048b8        0x6 Src\stm32f1xx_it.o
                0x080048b8                BusFault_Handler
 .text.UsageFault_Handler
                0x080048be        0x6 Src\stm32f1xx_it.o
                0x080048be                UsageFault_Handler
 .text.SVC_Handler
                0x080048c4        0xc Src\stm32f1xx_it.o
                0x080048c4                SVC_Handler
 .text.DebugMon_Handler
                0x080048d0        0xc Src\stm32f1xx_it.o
                0x080048d0                DebugMon_Handler
 .text.PendSV_Handler
                0x080048dc        0xc Src\stm32f1xx_it.o
                0x080048dc                PendSV_Handler
 .text.SysTick_Handler
                0x080048e8        0xc Src\stm32f1xx_it.o
                0x080048e8                SysTick_Handler
 .text.PVD_IRQHandler
                0x080048f4        0xc Src\stm32f1xx_it.o
                0x080048f4                PVD_IRQHandler
 .text.DMA1_Channel2_IRQHandler
                0x08004900       0x14 Src\stm32f1xx_it.o
                0x08004900                DMA1_Channel2_IRQHandler
 .text.DMA1_Channel3_IRQHandler
                0x08004914       0x14 Src\stm32f1xx_it.o
                0x08004914                DMA1_Channel3_IRQHandler
 .text.TIM2_IRQHandler
                0x08004928       0x14 Src\stm32f1xx_it.o
                0x08004928                TIM2_IRQHandler
 .text.SPI1_IRQHandler
                0x0800493c       0x14 Src\stm32f1xx_it.o
                0x0800493c                SPI1_IRQHandler
 .text.USART3_IRQHandler
                0x08004950       0x14 Src\stm32f1xx_it.o
                0x08004950                USART3_IRQHandler
 .text.SystemInit
                0x08004964       0x68 Src\system_stm32f1xx.o
                0x08004964                SystemInit
 .text.MX_USART3_UART_Init
                0x080049cc       0x54 Src\usart.o
                0x080049cc                MX_USART3_UART_Init
 .text.HAL_UART_MspInit
                0x08004a20       0xfc Src\usart.o
                0x08004a20                HAL_UART_MspInit
 .text.Reset_Handler
                0x08004b1c       0x48 startup\startup_stm32f103xb.o
                0x08004b1c                Reset_Handler
 .text.Default_Handler
                0x08004b64        0x2 startup\startup_stm32f103xb.o
                0x08004b64                RTC_Alarm_IRQHandler
                0x08004b64                EXTI2_IRQHandler
                0x08004b64                TIM1_CC_IRQHandler
                0x08004b64                EXTI3_IRQHandler
                0x08004b64                EXTI0_IRQHandler
                0x08004b64                I2C2_EV_IRQHandler
                0x08004b64                ADC1_2_IRQHandler
                0x08004b64                TAMPER_IRQHandler
                0x08004b64                DMA1_Channel4_IRQHandler
                0x08004b64                RTC_IRQHandler
                0x08004b64                DMA1_Channel7_IRQHandler
                0x08004b64                CAN1_RX1_IRQHandler
                0x08004b64                TIM4_IRQHandler
                0x08004b64                I2C1_EV_IRQHandler
                0x08004b64                DMA1_Channel6_IRQHandler
                0x08004b64                TIM3_IRQHandler
                0x08004b64                RCC_IRQHandler
                0x08004b64                TIM1_TRG_COM_IRQHandler
                0x08004b64                DMA1_Channel1_IRQHandler
                0x08004b64                Default_Handler
                0x08004b64                EXTI15_10_IRQHandler
                0x08004b64                EXTI9_5_IRQHandler
                0x08004b64                SPI2_IRQHandler
                0x08004b64                DMA1_Channel5_IRQHandler
                0x08004b64                EXTI4_IRQHandler
                0x08004b64                USB_LP_CAN1_RX0_IRQHandler
                0x08004b64                USB_HP_CAN1_TX_IRQHandler
                0x08004b64                TIM1_UP_IRQHandler
                0x08004b64                WWDG_IRQHandler
                0x08004b64                TIM1_BRK_IRQHandler
                0x08004b64                EXTI1_IRQHandler
                0x08004b64                USART2_IRQHandler
                0x08004b64                I2C2_ER_IRQHandler
                0x08004b64                CAN1_SCE_IRQHandler
                0x08004b64                FLASH_IRQHandler
                0x08004b64                USART1_IRQHandler
                0x08004b64                I2C1_ER_IRQHandler
                0x08004b64                USBWakeUp_IRQHandler
 *fill*         0x08004b66        0x2 
 .text.__libc_init_array
                0x08004b68       0x48 c:/program files (x86)/atollic/truestudio for stm32 9.2.0/armtools/bin/../lib/gcc/arm-atollic-eabi/6.3.1/../../../../arm-atollic-eabi/lib/armv7-m\libc.a(lib_a-init.o)
                0x08004b68                __libc_init_array
 .text.memset   0x08004bb0       0x10 c:/program files (x86)/atollic/truestudio for stm32 9.2.0/armtools/bin/../lib/gcc/arm-atollic-eabi/6.3.1/../../../../arm-atollic-eabi/lib/armv7-m\libc.a(lib_a-memset.o)
                0x08004bb0                memset
 *(.glue_7)
 .glue_7        0x08004bc0        0x0 linker stubs
 *(.glue_7t)
 .glue_7t       0x08004bc0        0x0 linker stubs
 *(.eh_frame)
 .eh_frame      0x08004bc0        0x0 c:/program files (x86)/atollic/truestudio for stm32 9.2.0/armtools/bin/../lib/gcc/arm-atollic-eabi/6.3.1/armv7-m/crtbegin.o
 *(.init)
 .init          0x08004bc0        0x4 c:/program files (x86)/atollic/truestudio for stm32 9.2.0/armtools/bin/../lib/gcc/arm-atollic-eabi/6.3.1/armv7-m/crti.o
                0x08004bc0                _init
 .init          0x08004bc4        0x8 c:/program files (x86)/atollic/truestudio for stm32 9.2.0/armtools/bin/../lib/gcc/arm-atollic-eabi/6.3.1/armv7-m/crtn.o
 *(.fini)
 .fini          0x08004bcc        0x4 c:/program files (x86)/atollic/truestudio for stm32 9.2.0/armtools/bin/../lib/gcc/arm-atollic-eabi/6.3.1/armv7-m/crti.o
                0x08004bcc                _fini
 .fini          0x08004bd0        0x8 c:/program files (x86)/atollic/truestudio for stm32 9.2.0/armtools/bin/../lib/gcc/arm-atollic-eabi/6.3.1/armv7-m/crtn.o
                0x08004bd8                . = ALIGN (0x4)
                0x08004bd8                _etext = .

.vfp11_veneer   0x08004bd8        0x0
 .vfp11_veneer  0x08004bd8        0x0 linker stubs

.v4_bx          0x08004bd8        0x0
 .v4_bx         0x08004bd8        0x0 linker stubs

.iplt           0x08004bd8        0x0
 .iplt          0x08004bd8        0x0 c:/program files (x86)/atollic/truestudio for stm32 9.2.0/armtools/bin/../lib/gcc/arm-atollic-eabi/6.3.1/armv7-m/crtbegin.o

.rodata         0x08004bd8     0x4b60
                0x08004bd8                . = ALIGN (0x4)
 *(.rodata)
 .rodata        0x08004bd8       0x12 Drivers\STM32F1xx_HAL_Driver\Src\stm32f1xx_hal_rcc.o
 *fill*         0x08004bea        0x2 
 .rodata        0x08004bec       0x1c Src\SDCard.o
 .rodata        0x08004c08     0x4b18 Src\main.o
 *(.rodata*)
 .rodata.AHBPrescTable
                0x08009720       0x10 Src\system_stm32f1xx.o
                0x08009720                AHBPrescTable
 .rodata.APBPrescTable
                0x08009730        0x8 Src\system_stm32f1xx.o
                0x08009730                APBPrescTable
                0x08009738                . = ALIGN (0x4)

.rel.dyn        0x08009738        0x0
 .rel.iplt      0x08009738        0x0 c:/program files (x86)/atollic/truestudio for stm32 9.2.0/armtools/bin/../lib/gcc/arm-atollic-eabi/6.3.1/armv7-m/crtbegin.o

.ARM.extab
 *(.ARM.extab* .gnu.linkonce.armextab.*)

.ARM            0x08009738        0x0
                0x08009738                __exidx_start = .
 *(.ARM.exidx*)
                0x08009738                __exidx_end = .

.preinit_array  0x08009738        0x0
                0x08009738                PROVIDE (__preinit_array_start, .)
 *(.preinit_array*)
                0x08009738                PROVIDE (__preinit_array_end, .)

.init_array     0x08009738        0x8
                0x08009738                PROVIDE (__init_array_start, .)
 *(SORT(.init_array.*))
 *(.init_array*)
 .init_array    0x08009738        0x4 c:/program files (x86)/atollic/truestudio for stm32 9.2.0/armtools/bin/../lib/gcc/arm-atollic-eabi/6.3.1/armv7-m/crtbegin.o
 .init_array    0x0800973c        0x4 Src\main.o
                0x08009740                PROVIDE (__init_array_end, .)

.fini_array     0x08009740        0x4
                [!provide]                PROVIDE (__fini_array_start, .)
 *(SORT(.fini_array.*))
 *(.fini_array*)
 .fini_array    0x08009740        0x4 c:/program files (x86)/atollic/truestudio for stm32 9.2.0/armtools/bin/../lib/gcc/arm-atollic-eabi/6.3.1/armv7-m/crtbegin.o
                [!provide]                PROVIDE (__fini_array_end, .)
                0x08009744                _sidata = LOADADDR (.data)

.data           0x20000000       0x1c load address 0x08009744
                0x20000000                . = ALIGN (0x4)
                0x20000000                _sdata = .
 *(.data)
 .data          0x20000000       0x10 Src\main.o
                0x20000000                led_dc
 *(.data*)
 .data.uwTickPrio
                0x20000010        0x4 Drivers\STM32F1xx_HAL_Driver\Src\stm32f1xx_hal.o
                0x20000010                uwTickPrio
 .data.uwTickFreq
                0x20000014        0x1 Drivers\STM32F1xx_HAL_Driver\Src\stm32f1xx_hal.o
                0x20000014                uwTickFreq
 *fill*         0x20000015        0x3 
 .data.SystemCoreClock
                0x20000018        0x4 Src\system_stm32f1xx.o
                0x20000018                SystemCoreClock
                0x2000001c                . = ALIGN (0x4)
                0x2000001c                _edata = .

.igot.plt       0x2000001c        0x0 load address 0x08009760
 .igot.plt      0x2000001c        0x0 c:/program files (x86)/atollic/truestudio for stm32 9.2.0/armtools/bin/../lib/gcc/arm-atollic-eabi/6.3.1/armv7-m/crtbegin.o
                0x2000001c                . = ALIGN (0x4)

.bss            0x20000020      0x250 load address 0x08009760
                0x20000020                _sbss = .
                0x20000020                __bss_start__ = _sbss
 *(.bss)
 .bss           0x20000020       0x1c c:/program files (x86)/atollic/truestudio for stm32 9.2.0/armtools/bin/../lib/gcc/arm-atollic-eabi/6.3.1/armv7-m/crtbegin.o
 .bss           0x2000003c        0x4 Src\SDCard.o
                0x2000003c                testbuff
 .bss           0x20000040       0x49 Src\main.o
                0x20000040                sd1
                0x20000058                led_dc_in
                0x20000068                LED
                0x20000088                xerr
 *(.bss*)
 *(COMMON)
 *fill*         0x20000089        0x3 
 COMMON         0x2000008c        0x4 Drivers\STM32F1xx_HAL_Driver\Src\stm32f1xx_hal.o
                0x2000008c                uwTick
 COMMON         0x20000090       0x28 Src\can.o
                0x20000090                hcan
 COMMON         0x200000b8       0xf4 Src\spi.o
                0x200000b8                hspi2
                0x20000110                hspi1
                0x20000168                hdma_spi1_tx
 COMMON         0x200001ac       0x40 Src\tim.o
                0x200001ac                htim2
 COMMON         0x200001ec       0x84 Src\usart.o
                0x200001ec                huart3
                0x2000022c                hdma_usart3_tx
                0x20000270                . = ALIGN (0x4)
                0x20000270                _ebss = .
                0x20000270                __bss_end__ = _ebss

._user_heap_stack
                0x20000270      0x600 load address 0x08009760
                0x20000270                . = ALIGN (0x4)
                [!provide]                PROVIDE (end, .)
                [!provide]                PROVIDE (_end, .)
                0x20000470                . = (. + _Min_Heap_Size)
 *fill*         0x20000270      0x200 
                0x20000870                . = (. + _Min_Stack_Size)
 *fill*         0x20000470      0x400 
                0x20000870                . = ALIGN (0x4)

/DISCARD/
 libc.a(*)
 libm.a(*)
 libgcc.a(*)

.ARM.attributes
                0x00000000       0x29
 *(.ARM.attributes)
 .ARM.attributes
                0x00000000       0x1d c:/program files (x86)/atollic/truestudio for stm32 9.2.0/armtools/bin/../lib/gcc/arm-atollic-eabi/6.3.1/armv7-m/crti.o
 .ARM.attributes
                0x0000001d       0x2d c:/program files (x86)/atollic/truestudio for stm32 9.2.0/armtools/bin/../lib/gcc/arm-atollic-eabi/6.3.1/armv7-m/crtbegin.o
 .ARM.attributes
                0x0000004a       0x33 Drivers\STM32F1xx_HAL_Driver\Src\stm32f1xx_hal.o
 .ARM.attributes
                0x0000007d       0x33 Drivers\STM32F1xx_HAL_Driver\Src\stm32f1xx_hal_can.o
 .ARM.attributes
                0x000000b0       0x33 Drivers\STM32F1xx_HAL_Driver\Src\stm32f1xx_hal_cortex.o
 .ARM.attributes
                0x000000e3       0x33 Drivers\STM32F1xx_HAL_Driver\Src\stm32f1xx_hal_dma.o
 .ARM.attributes
                0x00000116       0x33 Drivers\STM32F1xx_HAL_Driver\Src\stm32f1xx_hal_gpio.o
 .ARM.attributes
                0x00000149       0x33 Drivers\STM32F1xx_HAL_Driver\Src\stm32f1xx_hal_pwr.o
 .ARM.attributes
                0x0000017c       0x33 Drivers\STM32F1xx_HAL_Driver\Src\stm32f1xx_hal_rcc.o
 .ARM.attributes
                0x000001af       0x33 Drivers\STM32F1xx_HAL_Driver\Src\stm32f1xx_hal_spi.o
 .ARM.attributes
                0x000001e2       0x33 Drivers\STM32F1xx_HAL_Driver\Src\stm32f1xx_hal_spi_ex.o
 .ARM.attributes
                0x00000215       0x33 Drivers\STM32F1xx_HAL_Driver\Src\stm32f1xx_hal_tim.o
 .ARM.attributes
                0x00000248       0x33 Drivers\STM32F1xx_HAL_Driver\Src\stm32f1xx_hal_tim_ex.o
 .ARM.attributes
                0x0000027b       0x33 Drivers\STM32F1xx_HAL_Driver\Src\stm32f1xx_hal_uart.o
 .ARM.attributes
                0x000002ae       0x33 Src\SDCard.o
 .ARM.attributes
                0x000002e1       0x33 Src\can.o
 .ARM.attributes
                0x00000314       0x33 Src\dma.o
 .ARM.attributes
                0x00000347       0x33 Src\gpio.o
 .ARM.attributes
                0x0000037a       0x33 Src\lcd.o
 .ARM.attributes
                0x000003ad       0x33 Src\main.o
 .ARM.attributes
                0x000003e0       0x33 Src\spi.o
 .ARM.attributes
                0x00000413       0x33 Src\stm32f1xx_hal_msp.o
 .ARM.attributes
                0x00000446       0x33 Src\stm32f1xx_it.o
 .ARM.attributes
                0x00000479       0x33 Src\system_stm32f1xx.o
 .ARM.attributes
                0x000004ac       0x33 Src\tim.o
 .ARM.attributes
                0x000004df       0x33 Src\usart.o
 .ARM.attributes
                0x00000512       0x21 startup\startup_stm32f103xb.o
 .ARM.attributes
                0x00000533       0x2d c:/program files (x86)/atollic/truestudio for stm32 9.2.0/armtools/bin/../lib/gcc/arm-atollic-eabi/6.3.1/../../../../arm-atollic-eabi/lib/armv7-m\libc.a(lib_a-init.o)
 .ARM.attributes
                0x00000560       0x2d c:/program files (x86)/atollic/truestudio for stm32 9.2.0/armtools/bin/../lib/gcc/arm-atollic-eabi/6.3.1/../../../../arm-atollic-eabi/lib/armv7-m\libc.a(lib_a-memset.o)
 .ARM.attributes
                0x0000058d       0x1d c:/program files (x86)/atollic/truestudio for stm32 9.2.0/armtools/bin/../lib/gcc/arm-atollic-eabi/6.3.1/armv7-m/crtn.o
OUTPUT(project_limelight.elf elf32-littlearm)

.debug_info     0x00000000    0x1db9a
 .debug_info    0x00000000      0xf13 Drivers\STM32F1xx_HAL_Driver\Src\stm32f1xx_hal.o
 .debug_info    0x00000f13     0x17ca Drivers\STM32F1xx_HAL_Driver\Src\stm32f1xx_hal_can.o
 .debug_info    0x000026dd     0x1362 Drivers\STM32F1xx_HAL_Driver\Src\stm32f1xx_hal_cortex.o
 .debug_info    0x00003a3f      0xfcb Drivers\STM32F1xx_HAL_Driver\Src\stm32f1xx_hal_dma.o
 .debug_info    0x00004a0a      0xec5 Drivers\STM32F1xx_HAL_Driver\Src\stm32f1xx_hal_gpio.o
 .debug_info    0x000058cf      0xf96 Drivers\STM32F1xx_HAL_Driver\Src\stm32f1xx_hal_pwr.o
 .debug_info    0x00006865     0x1041 Drivers\STM32F1xx_HAL_Driver\Src\stm32f1xx_hal_rcc.o
 .debug_info    0x000078a6     0x1ca0 Drivers\STM32F1xx_HAL_Driver\Src\stm32f1xx_hal_spi.o
 .debug_info    0x00009546      0xe5d Drivers\STM32F1xx_HAL_Driver\Src\stm32f1xx_hal_spi_ex.o
 .debug_info    0x0000a3a3     0x2a2a Drivers\STM32F1xx_HAL_Driver\Src\stm32f1xx_hal_tim.o
 .debug_info    0x0000cdcd     0x17da Drivers\STM32F1xx_HAL_Driver\Src\stm32f1xx_hal_tim_ex.o
 .debug_info    0x0000e5a7     0x19f6 Drivers\STM32F1xx_HAL_Driver\Src\stm32f1xx_hal_uart.o
 .debug_info    0x0000ff9d     0x1cf6 Src\SDCard.o
 .debug_info    0x00011c93      0xf73 Src\can.o
 .debug_info    0x00012c06      0xb99 Src\dma.o
 .debug_info    0x0001379f      0xb7e Src\gpio.o
 .debug_info    0x0001431d     0x105f Src\lcd.o
 .debug_info    0x0001537c     0x2548 Src\main.o
 .debug_info    0x000178c4     0x11e0 Src\spi.o
 .debug_info    0x00018aa4      0xc3d Src\stm32f1xx_hal_msp.o
 .debug_info    0x000196e1     0x138e Src\stm32f1xx_it.o
 .debug_info    0x0001aa6f      0xc63 Src\system_stm32f1xx.o
 .debug_info    0x0001b6d2     0x133a Src\tim.o
 .debug_info    0x0001ca0c     0x1121 Src\usart.o
 .debug_info    0x0001db2d       0x6d startup\startup_stm32f103xb.o

.debug_abbrev   0x00000000     0x3aa9
 .debug_abbrev  0x00000000      0x2b8 Drivers\STM32F1xx_HAL_Driver\Src\stm32f1xx_hal.o
 .debug_abbrev  0x000002b8      0x2cb Drivers\STM32F1xx_HAL_Driver\Src\stm32f1xx_hal_can.o
 .debug_abbrev  0x00000583      0x368 Drivers\STM32F1xx_HAL_Driver\Src\stm32f1xx_hal_cortex.o
 .debug_abbrev  0x000008eb      0x26a Drivers\STM32F1xx_HAL_Driver\Src\stm32f1xx_hal_dma.o
 .debug_abbrev  0x00000b55      0x24c Drivers\STM32F1xx_HAL_Driver\Src\stm32f1xx_hal_gpio.o
 .debug_abbrev  0x00000da1      0x2a4 Drivers\STM32F1xx_HAL_Driver\Src\stm32f1xx_hal_pwr.o
 .debug_abbrev  0x00001045      0x2e6 Drivers\STM32F1xx_HAL_Driver\Src\stm32f1xx_hal_rcc.o
 .debug_abbrev  0x0000132b      0x2ac Drivers\STM32F1xx_HAL_Driver\Src\stm32f1xx_hal_spi.o
 .debug_abbrev  0x000015d7      0x1b0 Drivers\STM32F1xx_HAL_Driver\Src\stm32f1xx_hal_spi_ex.o
 .debug_abbrev  0x00001787      0x2ab Drivers\STM32F1xx_HAL_Driver\Src\stm32f1xx_hal_tim.o
 .debug_abbrev  0x00001a32      0x288 Drivers\STM32F1xx_HAL_Driver\Src\stm32f1xx_hal_tim_ex.o
 .debug_abbrev  0x00001cba      0x2ae Drivers\STM32F1xx_HAL_Driver\Src\stm32f1xx_hal_uart.o
 .debug_abbrev  0x00001f68      0x369 Src\SDCard.o
 .debug_abbrev  0x000022d1      0x221 Src\can.o
 .debug_abbrev  0x000024f2      0x1be Src\dma.o
 .debug_abbrev  0x000026b0      0x1c0 Src\gpio.o
 .debug_abbrev  0x00002870      0x290 Src\lcd.o
 .debug_abbrev  0x00002b00      0x3d9 Src\main.o
 .debug_abbrev  0x00002ed9      0x210 Src\spi.o
 .debug_abbrev  0x000030e9      0x1c9 Src\stm32f1xx_hal_msp.o
 .debug_abbrev  0x000032b2      0x1dc Src\stm32f1xx_it.o
 .debug_abbrev  0x0000348e      0x1eb Src\system_stm32f1xx.o
 .debug_abbrev  0x00003679      0x20e Src\tim.o
 .debug_abbrev  0x00003887      0x210 Src\usart.o
 .debug_abbrev  0x00003a97       0x12 startup\startup_stm32f103xb.o

.debug_aranges  0x00000000     0x10d8
 .debug_aranges
                0x00000000       0xd0 Drivers\STM32F1xx_HAL_Driver\Src\stm32f1xx_hal.o
 .debug_aranges
                0x000000d0      0x138 Drivers\STM32F1xx_HAL_Driver\Src\stm32f1xx_hal_can.o
 .debug_aranges
                0x00000208      0x100 Drivers\STM32F1xx_HAL_Driver\Src\stm32f1xx_hal_cortex.o
 .debug_aranges
                0x00000308       0x80 Drivers\STM32F1xx_HAL_Driver\Src\stm32f1xx_hal_dma.o
 .debug_aranges
                0x00000388       0x58 Drivers\STM32F1xx_HAL_Driver\Src\stm32f1xx_hal_gpio.o
 .debug_aranges
                0x000003e0       0xa8 Drivers\STM32F1xx_HAL_Driver\Src\stm32f1xx_hal_pwr.o
 .debug_aranges
                0x00000488       0x90 Drivers\STM32F1xx_HAL_Driver\Src\stm32f1xx_hal_rcc.o
 .debug_aranges
                0x00000518      0x1d0 Drivers\STM32F1xx_HAL_Driver\Src\stm32f1xx_hal_spi.o
 .debug_aranges
                0x000006e8       0x20 Drivers\STM32F1xx_HAL_Driver\Src\stm32f1xx_hal_spi_ex.o
 .debug_aranges
                0x00000708      0x368 Drivers\STM32F1xx_HAL_Driver\Src\stm32f1xx_hal_tim.o
 .debug_aranges
                0x00000a70      0x138 Drivers\STM32F1xx_HAL_Driver\Src\stm32f1xx_hal_tim_ex.o
 .debug_aranges
                0x00000ba8      0x1d0 Drivers\STM32F1xx_HAL_Driver\Src\stm32f1xx_hal_uart.o
 .debug_aranges
                0x00000d78       0x30 Src\SDCard.o
 .debug_aranges
                0x00000da8       0x30 Src\can.o
 .debug_aranges
                0x00000dd8       0x20 Src\dma.o
 .debug_aranges
                0x00000df8       0x20 Src\gpio.o
 .debug_aranges
                0x00000e18      0x100 Src\lcd.o
 .debug_aranges
                0x00000f18       0x20 Src\main.o
 .debug_aranges
                0x00000f38       0x38 Src\spi.o
 .debug_aranges
                0x00000f70       0x20 Src\stm32f1xx_hal_msp.o
 .debug_aranges
                0x00000f90       0x90 Src\stm32f1xx_it.o
 .debug_aranges
                0x00001020       0x28 Src\system_stm32f1xx.o
 .debug_aranges
                0x00001048       0x38 Src\tim.o
 .debug_aranges
                0x00001080       0x30 Src\usart.o
 .debug_aranges
                0x000010b0       0x28 startup\startup_stm32f103xb.o

.debug_ranges   0x00000000      0xf40
 .debug_ranges  0x00000000       0xc0 Drivers\STM32F1xx_HAL_Driver\Src\stm32f1xx_hal.o
 .debug_ranges  0x000000c0      0x128 Drivers\STM32F1xx_HAL_Driver\Src\stm32f1xx_hal_can.o
 .debug_ranges  0x000001e8       0xf0 Drivers\STM32F1xx_HAL_Driver\Src\stm32f1xx_hal_cortex.o
 .debug_ranges  0x000002d8       0x70 Drivers\STM32F1xx_HAL_Driver\Src\stm32f1xx_hal_dma.o
 .debug_ranges  0x00000348       0x48 Drivers\STM32F1xx_HAL_Driver\Src\stm32f1xx_hal_gpio.o
 .debug_ranges  0x00000390       0x98 Drivers\STM32F1xx_HAL_Driver\Src\stm32f1xx_hal_pwr.o
 .debug_ranges  0x00000428       0x80 Drivers\STM32F1xx_HAL_Driver\Src\stm32f1xx_hal_rcc.o
 .debug_ranges  0x000004a8      0x1c0 Drivers\STM32F1xx_HAL_Driver\Src\stm32f1xx_hal_spi.o
 .debug_ranges  0x00000668       0x10 Drivers\STM32F1xx_HAL_Driver\Src\stm32f1xx_hal_spi_ex.o
 .debug_ranges  0x00000678      0x358 Drivers\STM32F1xx_HAL_Driver\Src\stm32f1xx_hal_tim.o
 .debug_ranges  0x000009d0      0x128 Drivers\STM32F1xx_HAL_Driver\Src\stm32f1xx_hal_tim_ex.o
 .debug_ranges  0x00000af8      0x1c0 Drivers\STM32F1xx_HAL_Driver\Src\stm32f1xx_hal_uart.o
 .debug_ranges  0x00000cb8       0x20 Src\SDCard.o
 .debug_ranges  0x00000cd8       0x20 Src\can.o
 .debug_ranges  0x00000cf8       0x10 Src\dma.o
 .debug_ranges  0x00000d08       0x10 Src\gpio.o
 .debug_ranges  0x00000d18       0xf0 Src\lcd.o
 .debug_ranges  0x00000e08       0x28 Src\spi.o
 .debug_ranges  0x00000e30       0x10 Src\stm32f1xx_hal_msp.o
 .debug_ranges  0x00000e40       0x80 Src\stm32f1xx_it.o
 .debug_ranges  0x00000ec0       0x18 Src\system_stm32f1xx.o
 .debug_ranges  0x00000ed8       0x28 Src\tim.o
 .debug_ranges  0x00000f00       0x20 Src\usart.o
 .debug_ranges  0x00000f20       0x20 startup\startup_stm32f103xb.o

.debug_line     0x00000000     0x8690
 .debug_line    0x00000000      0x458 Drivers\STM32F1xx_HAL_Driver\Src\stm32f1xx_hal.o
 .debug_line    0x00000458      0x777 Drivers\STM32F1xx_HAL_Driver\Src\stm32f1xx_hal_can.o
 .debug_line    0x00000bcf      0x53f Drivers\STM32F1xx_HAL_Driver\Src\stm32f1xx_hal_cortex.o
 .debug_line    0x0000110e      0x704 Drivers\STM32F1xx_HAL_Driver\Src\stm32f1xx_hal_dma.o
 .debug_line    0x00001812      0x4b7 Drivers\STM32F1xx_HAL_Driver\Src\stm32f1xx_hal_gpio.o
 .debug_line    0x00001cc9      0x464 Drivers\STM32F1xx_HAL_Driver\Src\stm32f1xx_hal_pwr.o
 .debug_line    0x0000212d      0x5a9 Drivers\STM32F1xx_HAL_Driver\Src\stm32f1xx_hal_rcc.o
 .debug_line    0x000026d6      0xc54 Drivers\STM32F1xx_HAL_Driver\Src\stm32f1xx_hal_spi.o
 .debug_line    0x0000332a      0x2f2 Drivers\STM32F1xx_HAL_Driver\Src\stm32f1xx_hal_spi_ex.o
 .debug_line    0x0000361c     0x125f Drivers\STM32F1xx_HAL_Driver\Src\stm32f1xx_hal_tim.o
 .debug_line    0x0000487b      0x86c Drivers\STM32F1xx_HAL_Driver\Src\stm32f1xx_hal_tim_ex.o
 .debug_line    0x000050e7      0xba7 Drivers\STM32F1xx_HAL_Driver\Src\stm32f1xx_hal_uart.o
 .debug_line    0x00005c8e      0x41c Src\SDCard.o
 .debug_line    0x000060aa      0x30f Src\can.o
 .debug_line    0x000063b9      0x270 Src\dma.o
 .debug_line    0x00006629      0x2a4 Src\gpio.o
 .debug_line    0x000068cd      0x5ca Src\lcd.o
 .debug_line    0x00006e97      0x475 Src\main.o
 .debug_line    0x0000730c      0x35d Src\spi.o
 .debug_line    0x00007669      0x27f Src\stm32f1xx_hal_msp.o
 .debug_line    0x000078e8      0x3ee Src\stm32f1xx_it.o
 .debug_line    0x00007cd6      0x2c6 Src\system_stm32f1xx.o
 .debug_line    0x00007f9c      0x350 Src\tim.o
 .debug_line    0x000082ec      0x327 Src\usart.o
 .debug_line    0x00008613       0x7d startup\startup_stm32f103xb.o

.debug_str      0x00000000     0x4f60
 .debug_str     0x00000000      0xb22 Drivers\STM32F1xx_HAL_Driver\Src\stm32f1xx_hal.o
                                0xc15 (size before relaxing)
 .debug_str     0x00000b22      0x765 Drivers\STM32F1xx_HAL_Driver\Src\stm32f1xx_hal_can.o
                                0xf09 (size before relaxing)
 .debug_str     0x00001287      0x2eb Drivers\STM32F1xx_HAL_Driver\Src\stm32f1xx_hal_cortex.o
                                0xd82 (size before relaxing)
 .debug_str     0x00001572      0x37e Drivers\STM32F1xx_HAL_Driver\Src\stm32f1xx_hal_dma.o
                                0xada (size before relaxing)
 .debug_str     0x000018f0      0x1a5 Drivers\STM32F1xx_HAL_Driver\Src\stm32f1xx_hal_gpio.o
                                0x8ef (size before relaxing)
 .debug_str     0x00001a95      0x234 Drivers\STM32F1xx_HAL_Driver\Src\stm32f1xx_hal_pwr.o
                                0x984 (size before relaxing)
 .debug_str     0x00001cc9      0x2c0 Drivers\STM32F1xx_HAL_Driver\Src\stm32f1xx_hal_rcc.o
                                0xa9f (size before relaxing)
 .debug_str     0x00001f89      0x65c Drivers\STM32F1xx_HAL_Driver\Src\stm32f1xx_hal_spi.o
                                0xf86 (size before relaxing)
 .debug_str     0x000025e5       0x3b Drivers\STM32F1xx_HAL_Driver\Src\stm32f1xx_hal_spi_ex.o
                                0xa9a (size before relaxing)
 .debug_str     0x00002620      0xe79 Drivers\STM32F1xx_HAL_Driver\Src\stm32f1xx_hal_tim.o
                               0x17c9 (size before relaxing)
 .debug_str     0x00003499      0x527 Drivers\STM32F1xx_HAL_Driver\Src\stm32f1xx_hal_tim_ex.o
                               0x1066 (size before relaxing)
 .debug_str     0x000039c0      0x62d Drivers\STM32F1xx_HAL_Driver\Src\stm32f1xx_hal_uart.o
                                0xfd1 (size before relaxing)
 .debug_str     0x00003fed      0x7b3 Src\SDCard.o
                               0x1255 (size before relaxing)
 .debug_str     0x000047a0       0x33 Src\can.o
                                0xa0f (size before relaxing)
 .debug_str     0x000047d3       0x19 Src\dma.o
                                0x99c (size before relaxing)
 .debug_str     0x000047ec       0x1b Src\gpio.o
                                0x741 (size before relaxing)
 .debug_str     0x00004807      0x1ca Src\lcd.o
                                0x8c4 (size before relaxing)
 .debug_str     0x000049d1      0x351 Src\main.o
                               0x1bc9 (size before relaxing)
 .debug_str     0x00004d22       0x3e Src\spi.o
                                0xe05 (size before relaxing)
 .debug_str     0x00004d60       0x1b Src\stm32f1xx_hal_msp.o
                                0x9d8 (size before relaxing)
 .debug_str     0x00004d7b      0x119 Src\stm32f1xx_it.o
                                0xe81 (size before relaxing)
 .debug_str     0x00004e94       0x4d Src\system_stm32f1xx.o
                                0x758 (size before relaxing)
 .debug_str     0x00004ee1       0x51 Src\tim.o
                                0xf67 (size before relaxing)
 .debug_str     0x00004f32       0x2e Src\usart.o
                                0xdda (size before relaxing)

.comment        0x00000000       0x7c
 .comment       0x00000000       0x7c Drivers\STM32F1xx_HAL_Driver\Src\stm32f1xx_hal.o
                                 0x7d (size before relaxing)
 .comment       0x0000007c       0x7d Drivers\STM32F1xx_HAL_Driver\Src\stm32f1xx_hal_can.o
 .comment       0x0000007c       0x7d Drivers\STM32F1xx_HAL_Driver\Src\stm32f1xx_hal_cortex.o
 .comment       0x0000007c       0x7d Drivers\STM32F1xx_HAL_Driver\Src\stm32f1xx_hal_dma.o
 .comment       0x0000007c       0x7d Drivers\STM32F1xx_HAL_Driver\Src\stm32f1xx_hal_gpio.o
 .comment       0x0000007c       0x7d Drivers\STM32F1xx_HAL_Driver\Src\stm32f1xx_hal_pwr.o
 .comment       0x0000007c       0x7d Drivers\STM32F1xx_HAL_Driver\Src\stm32f1xx_hal_rcc.o
 .comment       0x0000007c       0x7d Drivers\STM32F1xx_HAL_Driver\Src\stm32f1xx_hal_spi.o
 .comment       0x0000007c       0x7d Drivers\STM32F1xx_HAL_Driver\Src\stm32f1xx_hal_spi_ex.o
 .comment       0x0000007c       0x7d Drivers\STM32F1xx_HAL_Driver\Src\stm32f1xx_hal_tim.o
 .comment       0x0000007c       0x7d Drivers\STM32F1xx_HAL_Driver\Src\stm32f1xx_hal_tim_ex.o
 .comment       0x0000007c       0x7d Drivers\STM32F1xx_HAL_Driver\Src\stm32f1xx_hal_uart.o
 .comment       0x0000007c       0x7d Src\SDCard.o
 .comment       0x0000007c       0x7d Src\can.o
 .comment       0x0000007c       0x7d Src\dma.o
 .comment       0x0000007c       0x7d Src\gpio.o
 .comment       0x0000007c       0x7d Src\lcd.o
 .comment       0x0000007c       0x7d Src\main.o
 .comment       0x0000007c       0x7d Src\spi.o
 .comment       0x0000007c       0x7d Src\stm32f1xx_hal_msp.o
 .comment       0x0000007c       0x7d Src\stm32f1xx_it.o
 .comment       0x0000007c       0x7d Src\system_stm32f1xx.o
 .comment       0x0000007c       0x7d Src\tim.o
 .comment       0x0000007c       0x7d Src\usart.o

.debug_frame    0x00000000     0x469c
 .debug_frame   0x00000000      0x2fc Drivers\STM32F1xx_HAL_Driver\Src\stm32f1xx_hal.o
 .debug_frame   0x000002fc      0x5a0 Drivers\STM32F1xx_HAL_Driver\Src\stm32f1xx_hal_can.o
 .debug_frame   0x0000089c      0x428 Drivers\STM32F1xx_HAL_Driver\Src\stm32f1xx_hal_cortex.o
 .debug_frame   0x00000cc4      0x208 Drivers\STM32F1xx_HAL_Driver\Src\stm32f1xx_hal_dma.o
 .debug_frame   0x00000ecc      0x14c Drivers\STM32F1xx_HAL_Driver\Src\stm32f1xx_hal_gpio.o
 .debug_frame   0x00001018      0x270 Drivers\STM32F1xx_HAL_Driver\Src\stm32f1xx_hal_pwr.o
 .debug_frame   0x00001288      0x21c Drivers\STM32F1xx_HAL_Driver\Src\stm32f1xx_hal_rcc.o
 .debug_frame   0x000014a4      0x824 Drivers\STM32F1xx_HAL_Driver\Src\stm32f1xx_hal_spi.o
 .debug_frame   0x00001cc8       0x34 Drivers\STM32F1xx_HAL_Driver\Src\stm32f1xx_hal_spi_ex.o
 .debug_frame   0x00001cfc      0xfb4 Drivers\STM32F1xx_HAL_Driver\Src\stm32f1xx_hal_tim.o
 .debug_frame   0x00002cb0      0x54c Drivers\STM32F1xx_HAL_Driver\Src\stm32f1xx_hal_tim_ex.o
 .debug_frame   0x000031fc      0x83c Drivers\STM32F1xx_HAL_Driver\Src\stm32f1xx_hal_uart.o
 .debug_frame   0x00003a38      0x218 Src\SDCard.o
 .debug_frame   0x00003c50       0x74 Src\can.o
 .debug_frame   0x00003cc4       0x34 Src\dma.o
 .debug_frame   0x00003cf8       0x34 Src\gpio.o
 .debug_frame   0x00003d2c      0x3e0 Src\lcd.o
 .debug_frame   0x0000410c      0x160 Src\main.o
 .debug_frame   0x0000426c       0x90 Src\spi.o
 .debug_frame   0x000042fc       0x34 Src\stm32f1xx_hal_msp.o
 .debug_frame   0x00004330      0x1b4 Src\stm32f1xx_it.o
 .debug_frame   0x000044e4       0x58 Src\system_stm32f1xx.o
 .debug_frame   0x0000453c       0xa0 Src\tim.o
 .debug_frame   0x000045dc       0x74 Src\usart.o
 .debug_frame   0x00004650       0x2c c:/program files (x86)/atollic/truestudio for stm32 9.2.0/armtools/bin/../lib/gcc/arm-atollic-eabi/6.3.1/../../../../arm-atollic-eabi/lib/armv7-m\libc.a(lib_a-init.o)
 .debug_frame   0x0000467c       0x20 c:/program files (x86)/atollic/truestudio for stm32 9.2.0/armtools/bin/../lib/gcc/arm-atollic-eabi/6.3.1/../../../../arm-atollic-eabi/lib/armv7-m\libc.a(lib_a-memset.o)

Cross Reference Table

Symbol                                            File
ADC1_2_IRQHandler                                 startup\startup_stm32f103xb.o
AHBPrescTable                                     Src\system_stm32f1xx.o
                                                  Drivers\STM32F1xx_HAL_Driver\Src\stm32f1xx_hal_rcc.o
APBPrescTable                                     Src\system_stm32f1xx.o
                                                  Drivers\STM32F1xx_HAL_Driver\Src\stm32f1xx_hal_rcc.o
BusFault_Handler                                  Src\stm32f1xx_it.o
CAN1_RX1_IRQHandler                               startup\startup_stm32f103xb.o
CAN1_SCE_IRQHandler                               startup\startup_stm32f103xb.o
DMA1_Channel1_IRQHandler                          startup\startup_stm32f103xb.o
DMA1_Channel2_IRQHandler                          Src\stm32f1xx_it.o
DMA1_Channel3_IRQHandler                          Src\stm32f1xx_it.o
DMA1_Channel4_IRQHandler                          startup\startup_stm32f103xb.o
DMA1_Channel5_IRQHandler                          startup\startup_stm32f103xb.o
DMA1_Channel6_IRQHandler                          startup\startup_stm32f103xb.o
DMA1_Channel7_IRQHandler                          startup\startup_stm32f103xb.o
DebugMon_Handler                                  Src\stm32f1xx_it.o
Default_Handler                                   startup\startup_stm32f103xb.o
EXTI0_IRQHandler                                  startup\startup_stm32f103xb.o
EXTI15_10_IRQHandler                              startup\startup_stm32f103xb.o
EXTI1_IRQHandler                                  startup\startup_stm32f103xb.o
EXTI2_IRQHandler                                  startup\startup_stm32f103xb.o
EXTI3_IRQHandler                                  startup\startup_stm32f103xb.o
EXTI4_IRQHandler                                  startup\startup_stm32f103xb.o
EXTI9_5_IRQHandler                                startup\startup_stm32f103xb.o
Error_Handler                                     Src\main.o
                                                  Src\usart.o
                                                  Src\tim.o
                                                  Src\spi.o
                                                  Src\can.o
FLASH_IRQHandler                                  startup\startup_stm32f103xb.o
FLASH_PageErase                                   Drivers\STM32F1xx_HAL_Driver\Src\stm32f1xx_hal_flash_ex.o
                                                  Drivers\STM32F1xx_HAL_Driver\Src\stm32f1xx_hal_flash.o
FLASH_WaitForLastOperation                        Drivers\STM32F1xx_HAL_Driver\Src\stm32f1xx_hal_flash.o
                                                  Drivers\STM32F1xx_HAL_Driver\Src\stm32f1xx_hal_flash_ex.o
HAL_CAN_AbortTxRequest                            Drivers\STM32F1xx_HAL_Driver\Src\stm32f1xx_hal_can.o
HAL_CAN_ActivateNotification                      Drivers\STM32F1xx_HAL_Driver\Src\stm32f1xx_hal_can.o
HAL_CAN_AddTxMessage                              Drivers\STM32F1xx_HAL_Driver\Src\stm32f1xx_hal_can.o
HAL_CAN_ConfigFilter                              Drivers\STM32F1xx_HAL_Driver\Src\stm32f1xx_hal_can.o
HAL_CAN_DeInit                                    Drivers\STM32F1xx_HAL_Driver\Src\stm32f1xx_hal_can.o
HAL_CAN_DeactivateNotification                    Drivers\STM32F1xx_HAL_Driver\Src\stm32f1xx_hal_can.o
HAL_CAN_ErrorCallback                             Drivers\STM32F1xx_HAL_Driver\Src\stm32f1xx_hal_can.o
HAL_CAN_GetError                                  Drivers\STM32F1xx_HAL_Driver\Src\stm32f1xx_hal_can.o
HAL_CAN_GetRxFifoFillLevel                        Drivers\STM32F1xx_HAL_Driver\Src\stm32f1xx_hal_can.o
HAL_CAN_GetRxMessage                              Drivers\STM32F1xx_HAL_Driver\Src\stm32f1xx_hal_can.o
HAL_CAN_GetState                                  Drivers\STM32F1xx_HAL_Driver\Src\stm32f1xx_hal_can.o
HAL_CAN_GetTxMailboxesFreeLevel                   Drivers\STM32F1xx_HAL_Driver\Src\stm32f1xx_hal_can.o
HAL_CAN_GetTxTimestamp                            Drivers\STM32F1xx_HAL_Driver\Src\stm32f1xx_hal_can.o
HAL_CAN_IRQHandler                                Drivers\STM32F1xx_HAL_Driver\Src\stm32f1xx_hal_can.o
HAL_CAN_Init                                      Drivers\STM32F1xx_HAL_Driver\Src\stm32f1xx_hal_can.o
                                                  Src\can.o
HAL_CAN_IsSleepActive                             Drivers\STM32F1xx_HAL_Driver\Src\stm32f1xx_hal_can.o
HAL_CAN_IsTxMessagePending                        Drivers\STM32F1xx_HAL_Driver\Src\stm32f1xx_hal_can.o
HAL_CAN_MspDeInit                                 Src\can.o
                                                  Drivers\STM32F1xx_HAL_Driver\Src\stm32f1xx_hal_can.o
HAL_CAN_MspInit                                   Src\can.o
                                                  Drivers\STM32F1xx_HAL_Driver\Src\stm32f1xx_hal_can.o
HAL_CAN_RequestSleep                              Drivers\STM32F1xx_HAL_Driver\Src\stm32f1xx_hal_can.o
HAL_CAN_ResetError                                Drivers\STM32F1xx_HAL_Driver\Src\stm32f1xx_hal_can.o
HAL_CAN_RxFifo0FullCallback                       Drivers\STM32F1xx_HAL_Driver\Src\stm32f1xx_hal_can.o
HAL_CAN_RxFifo0MsgPendingCallback                 Drivers\STM32F1xx_HAL_Driver\Src\stm32f1xx_hal_can.o
HAL_CAN_RxFifo1FullCallback                       Drivers\STM32F1xx_HAL_Driver\Src\stm32f1xx_hal_can.o
HAL_CAN_RxFifo1MsgPendingCallback                 Drivers\STM32F1xx_HAL_Driver\Src\stm32f1xx_hal_can.o
HAL_CAN_SleepCallback                             Drivers\STM32F1xx_HAL_Driver\Src\stm32f1xx_hal_can.o
HAL_CAN_Start                                     Drivers\STM32F1xx_HAL_Driver\Src\stm32f1xx_hal_can.o
HAL_CAN_Stop                                      Drivers\STM32F1xx_HAL_Driver\Src\stm32f1xx_hal_can.o
HAL_CAN_TxMailbox0AbortCallback                   Drivers\STM32F1xx_HAL_Driver\Src\stm32f1xx_hal_can.o
HAL_CAN_TxMailbox0CompleteCallback                Drivers\STM32F1xx_HAL_Driver\Src\stm32f1xx_hal_can.o
HAL_CAN_TxMailbox1AbortCallback                   Drivers\STM32F1xx_HAL_Driver\Src\stm32f1xx_hal_can.o
HAL_CAN_TxMailbox1CompleteCallback                Drivers\STM32F1xx_HAL_Driver\Src\stm32f1xx_hal_can.o
HAL_CAN_TxMailbox2AbortCallback                   Drivers\STM32F1xx_HAL_Driver\Src\stm32f1xx_hal_can.o
HAL_CAN_TxMailbox2CompleteCallback                Drivers\STM32F1xx_HAL_Driver\Src\stm32f1xx_hal_can.o
HAL_CAN_WakeUp                                    Drivers\STM32F1xx_HAL_Driver\Src\stm32f1xx_hal_can.o
HAL_CAN_WakeUpFromRxMsgCallback                   Drivers\STM32F1xx_HAL_Driver\Src\stm32f1xx_hal_can.o
HAL_DBGMCU_DisableDBGSleepMode                    Drivers\STM32F1xx_HAL_Driver\Src\stm32f1xx_hal.o
HAL_DBGMCU_DisableDBGStandbyMode                  Drivers\STM32F1xx_HAL_Driver\Src\stm32f1xx_hal.o
HAL_DBGMCU_DisableDBGStopMode                     Drivers\STM32F1xx_HAL_Driver\Src\stm32f1xx_hal.o
HAL_DBGMCU_EnableDBGSleepMode                     Drivers\STM32F1xx_HAL_Driver\Src\stm32f1xx_hal.o
HAL_DBGMCU_EnableDBGStandbyMode                   Drivers\STM32F1xx_HAL_Driver\Src\stm32f1xx_hal.o
HAL_DBGMCU_EnableDBGStopMode                      Drivers\STM32F1xx_HAL_Driver\Src\stm32f1xx_hal.o
HAL_DMA_Abort                                     Drivers\STM32F1xx_HAL_Driver\Src\stm32f1xx_hal_dma.o
                                                  Drivers\STM32F1xx_HAL_Driver\Src\stm32f1xx_hal_uart.o
                                                  Drivers\STM32F1xx_HAL_Driver\Src\stm32f1xx_hal_tim.o
                                                  Drivers\STM32F1xx_HAL_Driver\Src\stm32f1xx_hal_spi.o
HAL_DMA_Abort_IT                                  Drivers\STM32F1xx_HAL_Driver\Src\stm32f1xx_hal_dma.o
                                                  Drivers\STM32F1xx_HAL_Driver\Src\stm32f1xx_hal_uart.o
                                                  Drivers\STM32F1xx_HAL_Driver\Src\stm32f1xx_hal_spi.o
HAL_DMA_DeInit                                    Drivers\STM32F1xx_HAL_Driver\Src\stm32f1xx_hal_dma.o
                                                  Src\usart.o
                                                  Src\spi.o
HAL_DMA_GetError                                  Drivers\STM32F1xx_HAL_Driver\Src\stm32f1xx_hal_dma.o
HAL_DMA_GetState                                  Drivers\STM32F1xx_HAL_Driver\Src\stm32f1xx_hal_dma.o
HAL_DMA_IRQHandler                                Drivers\STM32F1xx_HAL_Driver\Src\stm32f1xx_hal_dma.o
                                                  Src\stm32f1xx_it.o
HAL_DMA_Init                                      Drivers\STM32F1xx_HAL_Driver\Src\stm32f1xx_hal_dma.o
                                                  Src\usart.o
                                                  Src\spi.o
HAL_DMA_PollForTransfer                           Drivers\STM32F1xx_HAL_Driver\Src\stm32f1xx_hal_dma.o
HAL_DMA_RegisterCallback                          Drivers\STM32F1xx_HAL_Driver\Src\stm32f1xx_hal_dma.o
HAL_DMA_Start                                     Drivers\STM32F1xx_HAL_Driver\Src\stm32f1xx_hal_dma.o
HAL_DMA_Start_IT                                  Drivers\STM32F1xx_HAL_Driver\Src\stm32f1xx_hal_dma.o
                                                  Drivers\STM32F1xx_HAL_Driver\Src\stm32f1xx_hal_uart.o
                                                  Drivers\STM32F1xx_HAL_Driver\Src\stm32f1xx_hal_tim_ex.o
                                                  Drivers\STM32F1xx_HAL_Driver\Src\stm32f1xx_hal_tim.o
                                                  Drivers\STM32F1xx_HAL_Driver\Src\stm32f1xx_hal_spi.o
HAL_DMA_UnRegisterCallback                        Drivers\STM32F1xx_HAL_Driver\Src\stm32f1xx_hal_dma.o
HAL_DeInit                                        Drivers\STM32F1xx_HAL_Driver\Src\stm32f1xx_hal.o
HAL_Delay                                         Drivers\STM32F1xx_HAL_Driver\Src\stm32f1xx_hal.o
                                                  Src\lcd.o
                                                  Src\SDCard.o
HAL_FLASHEx_Erase                                 Drivers\STM32F1xx_HAL_Driver\Src\stm32f1xx_hal_flash_ex.o
HAL_FLASHEx_Erase_IT                              Drivers\STM32F1xx_HAL_Driver\Src\stm32f1xx_hal_flash_ex.o
HAL_FLASHEx_OBErase                               Drivers\STM32F1xx_HAL_Driver\Src\stm32f1xx_hal_flash_ex.o
HAL_FLASHEx_OBGetConfig                           Drivers\STM32F1xx_HAL_Driver\Src\stm32f1xx_hal_flash_ex.o
HAL_FLASHEx_OBGetUserData                         Drivers\STM32F1xx_HAL_Driver\Src\stm32f1xx_hal_flash_ex.o
HAL_FLASHEx_OBProgram                             Drivers\STM32F1xx_HAL_Driver\Src\stm32f1xx_hal_flash_ex.o
HAL_FLASH_EndOfOperationCallback                  Drivers\STM32F1xx_HAL_Driver\Src\stm32f1xx_hal_flash.o
HAL_FLASH_GetError                                Drivers\STM32F1xx_HAL_Driver\Src\stm32f1xx_hal_flash.o
HAL_FLASH_IRQHandler                              Drivers\STM32F1xx_HAL_Driver\Src\stm32f1xx_hal_flash.o
HAL_FLASH_Lock                                    Drivers\STM32F1xx_HAL_Driver\Src\stm32f1xx_hal_flash.o
HAL_FLASH_OB_Launch                               Drivers\STM32F1xx_HAL_Driver\Src\stm32f1xx_hal_flash.o
HAL_FLASH_OB_Lock                                 Drivers\STM32F1xx_HAL_Driver\Src\stm32f1xx_hal_flash.o
HAL_FLASH_OB_Unlock                               Drivers\STM32F1xx_HAL_Driver\Src\stm32f1xx_hal_flash.o
HAL_FLASH_OperationErrorCallback                  Drivers\STM32F1xx_HAL_Driver\Src\stm32f1xx_hal_flash.o
HAL_FLASH_Program                                 Drivers\STM32F1xx_HAL_Driver\Src\stm32f1xx_hal_flash.o
HAL_FLASH_Program_IT                              Drivers\STM32F1xx_HAL_Driver\Src\stm32f1xx_hal_flash.o
HAL_FLASH_Unlock                                  Drivers\STM32F1xx_HAL_Driver\Src\stm32f1xx_hal_flash.o
HAL_GPIOEx_ConfigEventout                         Drivers\STM32F1xx_HAL_Driver\Src\stm32f1xx_hal_gpio_ex.o
HAL_GPIOEx_DisableEventout                        Drivers\STM32F1xx_HAL_Driver\Src\stm32f1xx_hal_gpio_ex.o
HAL_GPIOEx_EnableEventout                         Drivers\STM32F1xx_HAL_Driver\Src\stm32f1xx_hal_gpio_ex.o
HAL_GPIO_DeInit                                   Drivers\STM32F1xx_HAL_Driver\Src\stm32f1xx_hal_gpio.o
                                                  Src\usart.o
                                                  Src\spi.o
                                                  Src\can.o
HAL_GPIO_EXTI_Callback                            Drivers\STM32F1xx_HAL_Driver\Src\stm32f1xx_hal_gpio.o
HAL_GPIO_EXTI_IRQHandler                          Drivers\STM32F1xx_HAL_Driver\Src\stm32f1xx_hal_gpio.o
HAL_GPIO_Init                                     Drivers\STM32F1xx_HAL_Driver\Src\stm32f1xx_hal_gpio.o
                                                  Src\usart.o
                                                  Src\tim.o
                                                  Src\spi.o
                                                  Src\main.o
                                                  Src\lcd.o
                                                  Src\gpio.o
                                                  Src\can.o
                                                  Drivers\STM32F1xx_HAL_Driver\Src\stm32f1xx_hal_rcc.o
HAL_GPIO_LockPin                                  Drivers\STM32F1xx_HAL_Driver\Src\stm32f1xx_hal_gpio.o
HAL_GPIO_ReadPin                                  Drivers\STM32F1xx_HAL_Driver\Src\stm32f1xx_hal_gpio.o
                                                  Src\main.o
                                                  Src\lcd.o
HAL_GPIO_TogglePin                                Drivers\STM32F1xx_HAL_Driver\Src\stm32f1xx_hal_gpio.o
HAL_GPIO_WritePin                                 Drivers\STM32F1xx_HAL_Driver\Src\stm32f1xx_hal_gpio.o
                                                  Src\main.o
                                                  Src\lcd.o
                                                  Src\gpio.o
                                                  Src\SDCard.o
HAL_GetDEVID                                      Drivers\STM32F1xx_HAL_Driver\Src\stm32f1xx_hal.o
HAL_GetHalVersion                                 Drivers\STM32F1xx_HAL_Driver\Src\stm32f1xx_hal.o
HAL_GetREVID                                      Drivers\STM32F1xx_HAL_Driver\Src\stm32f1xx_hal.o
HAL_GetTick                                       Drivers\STM32F1xx_HAL_Driver\Src\stm32f1xx_hal.o
                                                  Src\main.o
                                                  Src\SDCard.o
                                                  Drivers\STM32F1xx_HAL_Driver\Src\stm32f1xx_hal_uart.o
                                                  Drivers\STM32F1xx_HAL_Driver\Src\stm32f1xx_hal_spi.o
                                                  Drivers\STM32F1xx_HAL_Driver\Src\stm32f1xx_hal_rcc_ex.o
                                                  Drivers\STM32F1xx_HAL_Driver\Src\stm32f1xx_hal_rcc.o
                                                  Drivers\STM32F1xx_HAL_Driver\Src\stm32f1xx_hal_flash.o
                                                  Drivers\STM32F1xx_HAL_Driver\Src\stm32f1xx_hal_dma.o
                                                  Drivers\STM32F1xx_HAL_Driver\Src\stm32f1xx_hal_can.o
HAL_GetTickFreq                                   Drivers\STM32F1xx_HAL_Driver\Src\stm32f1xx_hal.o
HAL_GetTickPrio                                   Drivers\STM32F1xx_HAL_Driver\Src\stm32f1xx_hal.o
HAL_GetUID                                        Drivers\STM32F1xx_HAL_Driver\Src\stm32f1xx_hal.o
HAL_HalfDuplex_EnableReceiver                     Drivers\STM32F1xx_HAL_Driver\Src\stm32f1xx_hal_uart.o
HAL_HalfDuplex_EnableTransmitter                  Drivers\STM32F1xx_HAL_Driver\Src\stm32f1xx_hal_uart.o
HAL_HalfDuplex_Init                               Drivers\STM32F1xx_HAL_Driver\Src\stm32f1xx_hal_uart.o
HAL_IncTick                                       Drivers\STM32F1xx_HAL_Driver\Src\stm32f1xx_hal.o
                                                  Src\stm32f1xx_it.o
HAL_Init                                          Drivers\STM32F1xx_HAL_Driver\Src\stm32f1xx_hal.o
                                                  Src\main.o
HAL_InitTick                                      Drivers\STM32F1xx_HAL_Driver\Src\stm32f1xx_hal.o
                                                  Drivers\STM32F1xx_HAL_Driver\Src\stm32f1xx_hal_rcc.o
HAL_LIN_Init                                      Drivers\STM32F1xx_HAL_Driver\Src\stm32f1xx_hal_uart.o
HAL_LIN_SendBreak                                 Drivers\STM32F1xx_HAL_Driver\Src\stm32f1xx_hal_uart.o
HAL_MspDeInit                                     Drivers\STM32F1xx_HAL_Driver\Src\stm32f1xx_hal.o
HAL_MspInit                                       Src\stm32f1xx_hal_msp.o
                                                  Drivers\STM32F1xx_HAL_Driver\Src\stm32f1xx_hal.o
HAL_MultiProcessor_EnterMuteMode                  Drivers\STM32F1xx_HAL_Driver\Src\stm32f1xx_hal_uart.o
HAL_MultiProcessor_ExitMuteMode                   Drivers\STM32F1xx_HAL_Driver\Src\stm32f1xx_hal_uart.o
HAL_MultiProcessor_Init                           Drivers\STM32F1xx_HAL_Driver\Src\stm32f1xx_hal_uart.o
HAL_NVIC_ClearPendingIRQ                          Drivers\STM32F1xx_HAL_Driver\Src\stm32f1xx_hal_cortex.o
HAL_NVIC_DisableIRQ                               Drivers\STM32F1xx_HAL_Driver\Src\stm32f1xx_hal_cortex.o
                                                  Src\usart.o
                                                  Src\tim.o
                                                  Src\spi.o
HAL_NVIC_EnableIRQ                                Drivers\STM32F1xx_HAL_Driver\Src\stm32f1xx_hal_cortex.o
                                                  Src\usart.o
                                                  Src\tim.o
                                                  Src\stm32f1xx_hal_msp.o
                                                  Src\spi.o
                                                  Src\dma.o
HAL_NVIC_GetActive                                Drivers\STM32F1xx_HAL_Driver\Src\stm32f1xx_hal_cortex.o
HAL_NVIC_GetPendingIRQ                            Drivers\STM32F1xx_HAL_Driver\Src\stm32f1xx_hal_cortex.o
HAL_NVIC_GetPriority                              Drivers\STM32F1xx_HAL_Driver\Src\stm32f1xx_hal_cortex.o
HAL_NVIC_GetPriorityGrouping                      Drivers\STM32F1xx_HAL_Driver\Src\stm32f1xx_hal_cortex.o
HAL_NVIC_SetPendingIRQ                            Drivers\STM32F1xx_HAL_Driver\Src\stm32f1xx_hal_cortex.o
HAL_NVIC_SetPriority                              Drivers\STM32F1xx_HAL_Driver\Src\stm32f1xx_hal_cortex.o
                                                  Src\usart.o
                                                  Src\tim.o
                                                  Src\stm32f1xx_hal_msp.o
                                                  Src\spi.o
                                                  Src\dma.o
                                                  Drivers\STM32F1xx_HAL_Driver\Src\stm32f1xx_hal.o
HAL_NVIC_SetPriorityGrouping                      Drivers\STM32F1xx_HAL_Driver\Src\stm32f1xx_hal_cortex.o
                                                  Drivers\STM32F1xx_HAL_Driver\Src\stm32f1xx_hal.o
HAL_NVIC_SystemReset                              Drivers\STM32F1xx_HAL_Driver\Src\stm32f1xx_hal_cortex.o
                                                  Drivers\STM32F1xx_HAL_Driver\Src\stm32f1xx_hal_flash.o
HAL_PWR_ConfigPVD                                 Drivers\STM32F1xx_HAL_Driver\Src\stm32f1xx_hal_pwr.o
HAL_PWR_DeInit                                    Drivers\STM32F1xx_HAL_Driver\Src\stm32f1xx_hal_pwr.o
HAL_PWR_DisableBkUpAccess                         Drivers\STM32F1xx_HAL_Driver\Src\stm32f1xx_hal_pwr.o
HAL_PWR_DisablePVD                                Drivers\STM32F1xx_HAL_Driver\Src\stm32f1xx_hal_pwr.o
HAL_PWR_DisableSEVOnPend                          Drivers\STM32F1xx_HAL_Driver\Src\stm32f1xx_hal_pwr.o
HAL_PWR_DisableSleepOnExit                        Drivers\STM32F1xx_HAL_Driver\Src\stm32f1xx_hal_pwr.o
HAL_PWR_DisableWakeUpPin                          Drivers\STM32F1xx_HAL_Driver\Src\stm32f1xx_hal_pwr.o
HAL_PWR_EnableBkUpAccess                          Drivers\STM32F1xx_HAL_Driver\Src\stm32f1xx_hal_pwr.o
HAL_PWR_EnablePVD                                 Drivers\STM32F1xx_HAL_Driver\Src\stm32f1xx_hal_pwr.o
HAL_PWR_EnableSEVOnPend                           Drivers\STM32F1xx_HAL_Driver\Src\stm32f1xx_hal_pwr.o
HAL_PWR_EnableSleepOnExit                         Drivers\STM32F1xx_HAL_Driver\Src\stm32f1xx_hal_pwr.o
HAL_PWR_EnableWakeUpPin                           Drivers\STM32F1xx_HAL_Driver\Src\stm32f1xx_hal_pwr.o
HAL_PWR_EnterSLEEPMode                            Drivers\STM32F1xx_HAL_Driver\Src\stm32f1xx_hal_pwr.o
HAL_PWR_EnterSTANDBYMode                          Drivers\STM32F1xx_HAL_Driver\Src\stm32f1xx_hal_pwr.o
HAL_PWR_EnterSTOPMode                             Drivers\STM32F1xx_HAL_Driver\Src\stm32f1xx_hal_pwr.o
HAL_PWR_PVDCallback                               Drivers\STM32F1xx_HAL_Driver\Src\stm32f1xx_hal_pwr.o
HAL_PWR_PVD_IRQHandler                            Drivers\STM32F1xx_HAL_Driver\Src\stm32f1xx_hal_pwr.o
                                                  Src\stm32f1xx_it.o
HAL_RCCEx_GetPeriphCLKConfig                      Drivers\STM32F1xx_HAL_Driver\Src\stm32f1xx_hal_rcc_ex.o
HAL_RCCEx_GetPeriphCLKFreq                        Drivers\STM32F1xx_HAL_Driver\Src\stm32f1xx_hal_rcc_ex.o
HAL_RCCEx_PeriphCLKConfig                         Drivers\STM32F1xx_HAL_Driver\Src\stm32f1xx_hal_rcc_ex.o
HAL_RCC_CSSCallback                               Drivers\STM32F1xx_HAL_Driver\Src\stm32f1xx_hal_rcc.o
HAL_RCC_ClockConfig                               Drivers\STM32F1xx_HAL_Driver\Src\stm32f1xx_hal_rcc.o
                                                  Src\main.o
HAL_RCC_DeInit                                    Drivers\STM32F1xx_HAL_Driver\Src\stm32f1xx_hal_rcc.o
HAL_RCC_DisableCSS                                Drivers\STM32F1xx_HAL_Driver\Src\stm32f1xx_hal_rcc.o
HAL_RCC_EnableCSS                                 Drivers\STM32F1xx_HAL_Driver\Src\stm32f1xx_hal_rcc.o
HAL_RCC_GetClockConfig                            Drivers\STM32F1xx_HAL_Driver\Src\stm32f1xx_hal_rcc.o
HAL_RCC_GetHCLKFreq                               Drivers\STM32F1xx_HAL_Driver\Src\stm32f1xx_hal_rcc.o
HAL_RCC_GetOscConfig                              Drivers\STM32F1xx_HAL_Driver\Src\stm32f1xx_hal_rcc.o
HAL_RCC_GetPCLK1Freq                              Drivers\STM32F1xx_HAL_Driver\Src\stm32f1xx_hal_rcc.o
                                                  Drivers\STM32F1xx_HAL_Driver\Src\stm32f1xx_hal_uart.o
HAL_RCC_GetPCLK2Freq                              Drivers\STM32F1xx_HAL_Driver\Src\stm32f1xx_hal_rcc.o
                                                  Drivers\STM32F1xx_HAL_Driver\Src\stm32f1xx_hal_uart.o
                                                  Drivers\STM32F1xx_HAL_Driver\Src\stm32f1xx_hal_rcc_ex.o
HAL_RCC_GetSysClockFreq                           Drivers\STM32F1xx_HAL_Driver\Src\stm32f1xx_hal_rcc.o
HAL_RCC_MCOConfig                                 Drivers\STM32F1xx_HAL_Driver\Src\stm32f1xx_hal_rcc.o
HAL_RCC_NMI_IRQHandler                            Drivers\STM32F1xx_HAL_Driver\Src\stm32f1xx_hal_rcc.o
HAL_RCC_OscConfig                                 Drivers\STM32F1xx_HAL_Driver\Src\stm32f1xx_hal_rcc.o
                                                  Src\main.o
HAL_ResumeTick                                    Drivers\STM32F1xx_HAL_Driver\Src\stm32f1xx_hal.o
HAL_SPI_Abort                                     Drivers\STM32F1xx_HAL_Driver\Src\stm32f1xx_hal_spi.o
HAL_SPI_AbortCpltCallback                         Drivers\STM32F1xx_HAL_Driver\Src\stm32f1xx_hal_spi.o
HAL_SPI_Abort_IT                                  Drivers\STM32F1xx_HAL_Driver\Src\stm32f1xx_hal_spi.o
HAL_SPI_DMAPause                                  Drivers\STM32F1xx_HAL_Driver\Src\stm32f1xx_hal_spi.o
HAL_SPI_DMAResume                                 Drivers\STM32F1xx_HAL_Driver\Src\stm32f1xx_hal_spi.o
HAL_SPI_DMAStop                                   Drivers\STM32F1xx_HAL_Driver\Src\stm32f1xx_hal_spi.o
HAL_SPI_DeInit                                    Drivers\STM32F1xx_HAL_Driver\Src\stm32f1xx_hal_spi.o
HAL_SPI_ErrorCallback                             Drivers\STM32F1xx_HAL_Driver\Src\stm32f1xx_hal_spi.o
HAL_SPI_GetError                                  Drivers\STM32F1xx_HAL_Driver\Src\stm32f1xx_hal_spi.o
HAL_SPI_GetState                                  Drivers\STM32F1xx_HAL_Driver\Src\stm32f1xx_hal_spi.o
HAL_SPI_IRQHandler                                Drivers\STM32F1xx_HAL_Driver\Src\stm32f1xx_hal_spi.o
                                                  Src\stm32f1xx_it.o
HAL_SPI_Init                                      Drivers\STM32F1xx_HAL_Driver\Src\stm32f1xx_hal_spi_ex.o
                                                  Drivers\STM32F1xx_HAL_Driver\Src\stm32f1xx_hal_spi.o
                                                  Src\spi.o
                                                  Src\SDCard.o
HAL_SPI_MspDeInit                                 Src\spi.o
                                                  Drivers\STM32F1xx_HAL_Driver\Src\stm32f1xx_hal_spi.o
HAL_SPI_MspInit                                   Src\spi.o
                                                  Drivers\STM32F1xx_HAL_Driver\Src\stm32f1xx_hal_spi.o
                                                  Drivers\STM32F1xx_HAL_Driver\Src\stm32f1xx_hal_spi_ex.o
HAL_SPI_Receive                                   Drivers\STM32F1xx_HAL_Driver\Src\stm32f1xx_hal_spi.o
                                                  Src\SDCard.o
HAL_SPI_Receive_DMA                               Drivers\STM32F1xx_HAL_Driver\Src\stm32f1xx_hal_spi.o
HAL_SPI_Receive_IT                                Drivers\STM32F1xx_HAL_Driver\Src\stm32f1xx_hal_spi.o
HAL_SPI_RxCpltCallback                            Drivers\STM32F1xx_HAL_Driver\Src\stm32f1xx_hal_spi.o
HAL_SPI_RxHalfCpltCallback                        Drivers\STM32F1xx_HAL_Driver\Src\stm32f1xx_hal_spi.o
HAL_SPI_Transmit                                  Drivers\STM32F1xx_HAL_Driver\Src\stm32f1xx_hal_spi.o
                                                  Src\SDCard.o
HAL_SPI_TransmitReceive                           Drivers\STM32F1xx_HAL_Driver\Src\stm32f1xx_hal_spi.o
                                                  Src\SDCard.o
HAL_SPI_TransmitReceive_DMA                       Drivers\STM32F1xx_HAL_Driver\Src\stm32f1xx_hal_spi.o
HAL_SPI_TransmitReceive_IT                        Drivers\STM32F1xx_HAL_Driver\Src\stm32f1xx_hal_spi.o
HAL_SPI_Transmit_DMA                              Drivers\STM32F1xx_HAL_Driver\Src\stm32f1xx_hal_spi.o
HAL_SPI_Transmit_IT                               Drivers\STM32F1xx_HAL_Driver\Src\stm32f1xx_hal_spi.o
HAL_SPI_TxCpltCallback                            Drivers\STM32F1xx_HAL_Driver\Src\stm32f1xx_hal_spi.o
HAL_SPI_TxHalfCpltCallback                        Drivers\STM32F1xx_HAL_Driver\Src\stm32f1xx_hal_spi.o
HAL_SPI_TxRxCpltCallback                          Drivers\STM32F1xx_HAL_Driver\Src\stm32f1xx_hal_spi.o
HAL_SPI_TxRxHalfCpltCallback                      Drivers\STM32F1xx_HAL_Driver\Src\stm32f1xx_hal_spi.o
HAL_SYSTICK_CLKSourceConfig                       Drivers\STM32F1xx_HAL_Driver\Src\stm32f1xx_hal_cortex.o
HAL_SYSTICK_Callback                              Drivers\STM32F1xx_HAL_Driver\Src\stm32f1xx_hal_cortex.o
HAL_SYSTICK_Config                                Drivers\STM32F1xx_HAL_Driver\Src\stm32f1xx_hal_cortex.o
                                                  Drivers\STM32F1xx_HAL_Driver\Src\stm32f1xx_hal.o
HAL_SYSTICK_IRQHandler                            Drivers\STM32F1xx_HAL_Driver\Src\stm32f1xx_hal_cortex.o
HAL_SetTickFreq                                   Drivers\STM32F1xx_HAL_Driver\Src\stm32f1xx_hal.o
HAL_SuspendTick                                   Drivers\STM32F1xx_HAL_Driver\Src\stm32f1xx_hal.o
HAL_TIMEx_BreakCallback                           Drivers\STM32F1xx_HAL_Driver\Src\stm32f1xx_hal_tim_ex.o
                                                  Drivers\STM32F1xx_HAL_Driver\Src\stm32f1xx_hal_tim.o
HAL_TIMEx_CommutationCallback                     Drivers\STM32F1xx_HAL_Driver\Src\stm32f1xx_hal_tim_ex.o
                                                  Drivers\STM32F1xx_HAL_Driver\Src\stm32f1xx_hal_tim.o
HAL_TIMEx_ConfigBreakDeadTime                     Drivers\STM32F1xx_HAL_Driver\Src\stm32f1xx_hal_tim_ex.o
HAL_TIMEx_ConfigCommutationEvent                  Drivers\STM32F1xx_HAL_Driver\Src\stm32f1xx_hal_tim_ex.o
HAL_TIMEx_ConfigCommutationEvent_DMA              Drivers\STM32F1xx_HAL_Driver\Src\stm32f1xx_hal_tim_ex.o
HAL_TIMEx_ConfigCommutationEvent_IT               Drivers\STM32F1xx_HAL_Driver\Src\stm32f1xx_hal_tim_ex.o
HAL_TIMEx_HallSensor_DeInit                       Drivers\STM32F1xx_HAL_Driver\Src\stm32f1xx_hal_tim_ex.o
HAL_TIMEx_HallSensor_GetState                     Drivers\STM32F1xx_HAL_Driver\Src\stm32f1xx_hal_tim_ex.o
HAL_TIMEx_HallSensor_Init                         Drivers\STM32F1xx_HAL_Driver\Src\stm32f1xx_hal_tim_ex.o
HAL_TIMEx_HallSensor_MspDeInit                    Drivers\STM32F1xx_HAL_Driver\Src\stm32f1xx_hal_tim_ex.o
HAL_TIMEx_HallSensor_MspInit                      Drivers\STM32F1xx_HAL_Driver\Src\stm32f1xx_hal_tim_ex.o
HAL_TIMEx_HallSensor_Start                        Drivers\STM32F1xx_HAL_Driver\Src\stm32f1xx_hal_tim_ex.o
HAL_TIMEx_HallSensor_Start_DMA                    Drivers\STM32F1xx_HAL_Driver\Src\stm32f1xx_hal_tim_ex.o
HAL_TIMEx_HallSensor_Start_IT                     Drivers\STM32F1xx_HAL_Driver\Src\stm32f1xx_hal_tim_ex.o
HAL_TIMEx_HallSensor_Stop                         Drivers\STM32F1xx_HAL_Driver\Src\stm32f1xx_hal_tim_ex.o
HAL_TIMEx_HallSensor_Stop_DMA                     Drivers\STM32F1xx_HAL_Driver\Src\stm32f1xx_hal_tim_ex.o
HAL_TIMEx_HallSensor_Stop_IT                      Drivers\STM32F1xx_HAL_Driver\Src\stm32f1xx_hal_tim_ex.o
HAL_TIMEx_MasterConfigSynchronization             Drivers\STM32F1xx_HAL_Driver\Src\stm32f1xx_hal_tim_ex.o
                                                  Src\tim.o
HAL_TIMEx_OCN_Start                               Drivers\STM32F1xx_HAL_Driver\Src\stm32f1xx_hal_tim_ex.o
HAL_TIMEx_OCN_Start_DMA                           Drivers\STM32F1xx_HAL_Driver\Src\stm32f1xx_hal_tim_ex.o
HAL_TIMEx_OCN_Start_IT                            Drivers\STM32F1xx_HAL_Driver\Src\stm32f1xx_hal_tim_ex.o
HAL_TIMEx_OCN_Stop                                Drivers\STM32F1xx_HAL_Driver\Src\stm32f1xx_hal_tim_ex.o
HAL_TIMEx_OCN_Stop_DMA                            Drivers\STM32F1xx_HAL_Driver\Src\stm32f1xx_hal_tim_ex.o
HAL_TIMEx_OCN_Stop_IT                             Drivers\STM32F1xx_HAL_Driver\Src\stm32f1xx_hal_tim_ex.o
HAL_TIMEx_OnePulseN_Start                         Drivers\STM32F1xx_HAL_Driver\Src\stm32f1xx_hal_tim_ex.o
HAL_TIMEx_OnePulseN_Start_IT                      Drivers\STM32F1xx_HAL_Driver\Src\stm32f1xx_hal_tim_ex.o
HAL_TIMEx_OnePulseN_Stop                          Drivers\STM32F1xx_HAL_Driver\Src\stm32f1xx_hal_tim_ex.o
HAL_TIMEx_OnePulseN_Stop_IT                       Drivers\STM32F1xx_HAL_Driver\Src\stm32f1xx_hal_tim_ex.o
HAL_TIMEx_PWMN_Start                              Drivers\STM32F1xx_HAL_Driver\Src\stm32f1xx_hal_tim_ex.o
HAL_TIMEx_PWMN_Start_DMA                          Drivers\STM32F1xx_HAL_Driver\Src\stm32f1xx_hal_tim_ex.o
HAL_TIMEx_PWMN_Start_IT                           Drivers\STM32F1xx_HAL_Driver\Src\stm32f1xx_hal_tim_ex.o
HAL_TIMEx_PWMN_Stop                               Drivers\STM32F1xx_HAL_Driver\Src\stm32f1xx_hal_tim_ex.o
HAL_TIMEx_PWMN_Stop_DMA                           Drivers\STM32F1xx_HAL_Driver\Src\stm32f1xx_hal_tim_ex.o
HAL_TIMEx_PWMN_Stop_IT                            Drivers\STM32F1xx_HAL_Driver\Src\stm32f1xx_hal_tim_ex.o
HAL_TIM_Base_DeInit                               Drivers\STM32F1xx_HAL_Driver\Src\stm32f1xx_hal_tim.o
HAL_TIM_Base_GetState                             Drivers\STM32F1xx_HAL_Driver\Src\stm32f1xx_hal_tim.o
HAL_TIM_Base_Init                                 Drivers\STM32F1xx_HAL_Driver\Src\stm32f1xx_hal_tim.o
                                                  Src\tim.o
HAL_TIM_Base_MspDeInit                            Src\tim.o
                                                  Drivers\STM32F1xx_HAL_Driver\Src\stm32f1xx_hal_tim.o
HAL_TIM_Base_MspInit                              Src\tim.o
                                                  Drivers\STM32F1xx_HAL_Driver\Src\stm32f1xx_hal_tim.o
HAL_TIM_Base_Start                                Drivers\STM32F1xx_HAL_Driver\Src\stm32f1xx_hal_tim.o
HAL_TIM_Base_Start_DMA                            Drivers\STM32F1xx_HAL_Driver\Src\stm32f1xx_hal_tim.o
HAL_TIM_Base_Start_IT                             Drivers\STM32F1xx_HAL_Driver\Src\stm32f1xx_hal_tim.o
HAL_TIM_Base_Stop                                 Drivers\STM32F1xx_HAL_Driver\Src\stm32f1xx_hal_tim.o
HAL_TIM_Base_Stop_DMA                             Drivers\STM32F1xx_HAL_Driver\Src\stm32f1xx_hal_tim.o
HAL_TIM_Base_Stop_IT                              Drivers\STM32F1xx_HAL_Driver\Src\stm32f1xx_hal_tim.o
HAL_TIM_ConfigClockSource                         Drivers\STM32F1xx_HAL_Driver\Src\stm32f1xx_hal_tim.o
                                                  Src\tim.o
HAL_TIM_ConfigOCrefClear                          Drivers\STM32F1xx_HAL_Driver\Src\stm32f1xx_hal_tim.o
HAL_TIM_ConfigTI1Input                            Drivers\STM32F1xx_HAL_Driver\Src\stm32f1xx_hal_tim.o
HAL_TIM_DMABurst_ReadStart                        Drivers\STM32F1xx_HAL_Driver\Src\stm32f1xx_hal_tim.o
HAL_TIM_DMABurst_ReadStop                         Drivers\STM32F1xx_HAL_Driver\Src\stm32f1xx_hal_tim.o
HAL_TIM_DMABurst_WriteStart                       Drivers\STM32F1xx_HAL_Driver\Src\stm32f1xx_hal_tim.o
HAL_TIM_DMABurst_WriteStop                        Drivers\STM32F1xx_HAL_Driver\Src\stm32f1xx_hal_tim.o
HAL_TIM_Encoder_DeInit                            Drivers\STM32F1xx_HAL_Driver\Src\stm32f1xx_hal_tim.o
HAL_TIM_Encoder_GetState                          Drivers\STM32F1xx_HAL_Driver\Src\stm32f1xx_hal_tim.o
HAL_TIM_Encoder_Init                              Drivers\STM32F1xx_HAL_Driver\Src\stm32f1xx_hal_tim.o
HAL_TIM_Encoder_MspDeInit                         Drivers\STM32F1xx_HAL_Driver\Src\stm32f1xx_hal_tim.o
HAL_TIM_Encoder_MspInit                           Drivers\STM32F1xx_HAL_Driver\Src\stm32f1xx_hal_tim.o
HAL_TIM_Encoder_Start                             Drivers\STM32F1xx_HAL_Driver\Src\stm32f1xx_hal_tim.o
HAL_TIM_Encoder_Start_DMA                         Drivers\STM32F1xx_HAL_Driver\Src\stm32f1xx_hal_tim.o
HAL_TIM_Encoder_Start_IT                          Drivers\STM32F1xx_HAL_Driver\Src\stm32f1xx_hal_tim.o
HAL_TIM_Encoder_Stop                              Drivers\STM32F1xx_HAL_Driver\Src\stm32f1xx_hal_tim.o
HAL_TIM_Encoder_Stop_DMA                          Drivers\STM32F1xx_HAL_Driver\Src\stm32f1xx_hal_tim.o
HAL_TIM_Encoder_Stop_IT                           Drivers\STM32F1xx_HAL_Driver\Src\stm32f1xx_hal_tim.o
HAL_TIM_ErrorCallback                             Drivers\STM32F1xx_HAL_Driver\Src\stm32f1xx_hal_tim.o
HAL_TIM_GenerateEvent                             Drivers\STM32F1xx_HAL_Driver\Src\stm32f1xx_hal_tim.o
HAL_TIM_IC_CaptureCallback                        Drivers\STM32F1xx_HAL_Driver\Src\stm32f1xx_hal_tim.o
HAL_TIM_IC_ConfigChannel                          Drivers\STM32F1xx_HAL_Driver\Src\stm32f1xx_hal_tim.o
HAL_TIM_IC_DeInit                                 Drivers\STM32F1xx_HAL_Driver\Src\stm32f1xx_hal_tim.o
HAL_TIM_IC_GetState                               Drivers\STM32F1xx_HAL_Driver\Src\stm32f1xx_hal_tim.o
HAL_TIM_IC_Init                                   Drivers\STM32F1xx_HAL_Driver\Src\stm32f1xx_hal_tim.o
HAL_TIM_IC_MspDeInit                              Drivers\STM32F1xx_HAL_Driver\Src\stm32f1xx_hal_tim.o
HAL_TIM_IC_MspInit                                Drivers\STM32F1xx_HAL_Driver\Src\stm32f1xx_hal_tim.o
HAL_TIM_IC_Start                                  Drivers\STM32F1xx_HAL_Driver\Src\stm32f1xx_hal_tim.o
HAL_TIM_IC_Start_DMA                              Drivers\STM32F1xx_HAL_Driver\Src\stm32f1xx_hal_tim.o
HAL_TIM_IC_Start_IT                               Drivers\STM32F1xx_HAL_Driver\Src\stm32f1xx_hal_tim.o
HAL_TIM_IC_Stop                                   Drivers\STM32F1xx_HAL_Driver\Src\stm32f1xx_hal_tim.o
HAL_TIM_IC_Stop_DMA                               Drivers\STM32F1xx_HAL_Driver\Src\stm32f1xx_hal_tim.o
HAL_TIM_IC_Stop_IT                                Drivers\STM32F1xx_HAL_Driver\Src\stm32f1xx_hal_tim.o
HAL_TIM_IRQHandler                                Drivers\STM32F1xx_HAL_Driver\Src\stm32f1xx_hal_tim.o
                                                  Src\stm32f1xx_it.o
HAL_TIM_MspPostInit                               Src\tim.o
HAL_TIM_OC_ConfigChannel                          Drivers\STM32F1xx_HAL_Driver\Src\stm32f1xx_hal_tim.o
HAL_TIM_OC_DeInit                                 Drivers\STM32F1xx_HAL_Driver\Src\stm32f1xx_hal_tim.o
HAL_TIM_OC_DelayElapsedCallback                   Drivers\STM32F1xx_HAL_Driver\Src\stm32f1xx_hal_tim.o
HAL_TIM_OC_GetState                               Drivers\STM32F1xx_HAL_Driver\Src\stm32f1xx_hal_tim.o
HAL_TIM_OC_Init                                   Drivers\STM32F1xx_HAL_Driver\Src\stm32f1xx_hal_tim.o
HAL_TIM_OC_MspDeInit                              Drivers\STM32F1xx_HAL_Driver\Src\stm32f1xx_hal_tim.o
HAL_TIM_OC_MspInit                                Drivers\STM32F1xx_HAL_Driver\Src\stm32f1xx_hal_tim.o
HAL_TIM_OC_Start                                  Drivers\STM32F1xx_HAL_Driver\Src\stm32f1xx_hal_tim.o
HAL_TIM_OC_Start_DMA                              Drivers\STM32F1xx_HAL_Driver\Src\stm32f1xx_hal_tim.o
HAL_TIM_OC_Start_IT                               Drivers\STM32F1xx_HAL_Driver\Src\stm32f1xx_hal_tim.o
HAL_TIM_OC_Stop                                   Drivers\STM32F1xx_HAL_Driver\Src\stm32f1xx_hal_tim.o
HAL_TIM_OC_Stop_DMA                               Drivers\STM32F1xx_HAL_Driver\Src\stm32f1xx_hal_tim.o
HAL_TIM_OC_Stop_IT                                Drivers\STM32F1xx_HAL_Driver\Src\stm32f1xx_hal_tim.o
HAL_TIM_OnePulse_ConfigChannel                    Drivers\STM32F1xx_HAL_Driver\Src\stm32f1xx_hal_tim.o
HAL_TIM_OnePulse_DeInit                           Drivers\STM32F1xx_HAL_Driver\Src\stm32f1xx_hal_tim.o
HAL_TIM_OnePulse_GetState                         Drivers\STM32F1xx_HAL_Driver\Src\stm32f1xx_hal_tim.o
HAL_TIM_OnePulse_Init                             Drivers\STM32F1xx_HAL_Driver\Src\stm32f1xx_hal_tim.o
HAL_TIM_OnePulse_MspDeInit                        Drivers\STM32F1xx_HAL_Driver\Src\stm32f1xx_hal_tim.o
HAL_TIM_OnePulse_MspInit                          Drivers\STM32F1xx_HAL_Driver\Src\stm32f1xx_hal_tim.o
HAL_TIM_OnePulse_Start                            Drivers\STM32F1xx_HAL_Driver\Src\stm32f1xx_hal_tim.o
HAL_TIM_OnePulse_Start_IT                         Drivers\STM32F1xx_HAL_Driver\Src\stm32f1xx_hal_tim.o
HAL_TIM_OnePulse_Stop                             Drivers\STM32F1xx_HAL_Driver\Src\stm32f1xx_hal_tim.o
HAL_TIM_OnePulse_Stop_IT                          Drivers\STM32F1xx_HAL_Driver\Src\stm32f1xx_hal_tim.o
HAL_TIM_PWM_ConfigChannel                         Drivers\STM32F1xx_HAL_Driver\Src\stm32f1xx_hal_tim.o
                                                  Src\tim.o
HAL_TIM_PWM_DeInit                                Drivers\STM32F1xx_HAL_Driver\Src\stm32f1xx_hal_tim.o
HAL_TIM_PWM_GetState                              Drivers\STM32F1xx_HAL_Driver\Src\stm32f1xx_hal_tim.o
HAL_TIM_PWM_Init                                  Drivers\STM32F1xx_HAL_Driver\Src\stm32f1xx_hal_tim.o
                                                  Src\tim.o
HAL_TIM_PWM_MspDeInit                             Drivers\STM32F1xx_HAL_Driver\Src\stm32f1xx_hal_tim.o
HAL_TIM_PWM_MspInit                               Drivers\STM32F1xx_HAL_Driver\Src\stm32f1xx_hal_tim.o
HAL_TIM_PWM_PulseFinishedCallback                 Drivers\STM32F1xx_HAL_Driver\Src\stm32f1xx_hal_tim.o
HAL_TIM_PWM_Start                                 Drivers\STM32F1xx_HAL_Driver\Src\stm32f1xx_hal_tim.o
HAL_TIM_PWM_Start_DMA                             Drivers\STM32F1xx_HAL_Driver\Src\stm32f1xx_hal_tim.o
HAL_TIM_PWM_Start_IT                              Drivers\STM32F1xx_HAL_Driver\Src\stm32f1xx_hal_tim.o
HAL_TIM_PWM_Stop                                  Drivers\STM32F1xx_HAL_Driver\Src\stm32f1xx_hal_tim.o
HAL_TIM_PWM_Stop_DMA                              Drivers\STM32F1xx_HAL_Driver\Src\stm32f1xx_hal_tim.o
HAL_TIM_PWM_Stop_IT                               Drivers\STM32F1xx_HAL_Driver\Src\stm32f1xx_hal_tim.o
HAL_TIM_PeriodElapsedCallback                     Drivers\STM32F1xx_HAL_Driver\Src\stm32f1xx_hal_tim.o