lcd.c:301:6:lcd_pins_input	24	static
lcd.c:319:6:lcd_pins_output	24	static
lcd.c:340:6:cs_set	8	static
lcd.c:343:6:cs_clr	8	static
lcd.c:346:6:rst_set	8	static
lcd.c:349:6:rst_clr	8	static
lcd.c:352:6:wr_set	8	static
lcd.c:355:6:wr_clr	8	static
lcd.c:358:6:rs_set	8	static
lcd.c:361:6:rs_clr	8	static
lcd.c:364:6:rd_set	8	static
lcd.c:367:6:rd_clr	8	static
lcd.c:371:6:lcd_reset	8	static
lcd.c:378:6:lcd_write_bus_fast	16	static
lcd.c:382:6:lcd_write_data_fast	16	static
lcd.c:387:6:lcd_write_data16_fast	16	static
lcd.c:402:9:lcd_read_bus	16	static
lcd.c:414:6:lcd_write_command	16	static
lcd.c:421:9:lcd_read_data	8	static
lcd.c:426:6:lcd_write_data	16	static
lcd.c:432:6:lcd_cmd	32	static
lcd.c:454:6:address_set	32	static
lcd.c:469:6:lcd_init	24	static
lcd.c:562:6:lcd_clr_fast	24	static
lcd.c:572:6:lcd_clr_rect_fast	32	static
lcd.c:584:6:lcd_write_buff_fast	40	static
lcd.c:596:6:lcd_draw_point	16	static
lcd.c:603:6:lcd_draw_char	32	static
lcd.c:624:6:lcd_write_buff_fast_mono	40	static
