SDCard.h:233:10:uint8_t SDCard::cardAcmd(uint8_t, uint32_t)	24	static
SDCard.h:245:10:uint8_t SDCard::readCSD(csd_t*)	16	static
SDCard.cpp:12:1:SDCard::SDCard(SPI_HandleTypeDef*, uint16_t, GPIO_TypeDef*)	24	static
SDCard.cpp:20:10:uint32_t SDCard::getSize()	56	static
SDCard.cpp:46:9:uint8_t SDCard::readRegister(uint8_t, void*)	32	static
SDCard.cpp:63:6:bool SDCard::readBlock(uint32_t, uint8_t*)	32	static
SDCard.cpp:86:6:bool SDCard::writeBlock(uint32_t, uint8_t*)	32	static
SDCard.cpp:137:6:void SDCard::waitUntilReady()	32	static
SDCard.cpp:145:6:bool SDCard::initalize()	32	static
SDCard.cpp:192:9:uint8_t SDCard::cardCommand(uint8_t, uint32_t)	32	static
SDCard.cpp:213:6:void SDCard::selectCard()	16	static
SDCard.cpp:217:19:HAL_StatusTypeDef SDCard::SPI_Recieve(uint8_t*, uint16_t)	48	static
SDCard.cpp:268:6:void SDCard::deselectCard()	16	static
SDCard.cpp:282:19:HAL_StatusTypeDef SDCard::lSPI_WaitFlagStateUntilTimeout(SPI_HandleTypeDef*, uint32_t, uint32_t, uint32_t, uint32_t)	24	static
